<html>
<body>
<pre>
<h1>µVision Build Log</h1>
<h2>Project:</h2>
C:\Users\Jawher\Documents\Systèmes embarqués\STM32\STM32F4xxx\MyDAQ_Demo\vcp_ADC_DAC\STM32F4_VCP.uvproj
Project File Date:  10/27/2013

<h2>Output:</h2>
Build target 'STM32F4_VCP'
linking...
Program Size: Code=9600 RO-data=460 RW-data=372 ZI-data=4876  
".\Debug\STM32F4_VCP.axf" - 0 Error(s), 0 Warning(s).
Load "C:\\Users\\Jawher\\Documents\\Systèmes embarqués\\STM32\\STM32F4xxx\\MyDAQ_Demo\\vcp_ADC_DAC\\Debug\\STM32F4_VCP.axf" 
Erase Done.
Programming Done.
Verify OK.
Application running ...
</pre>
</body>
</html>
