<html>
<body>
<pre>
<h1>µVision Build Log</h1>
<h2>Project:</h2>
C:\sauvegarde\cours_jelassi\support_pedagogiques_khaled\cahier_des_charges_avec_FreeRtos\Annexes_cahier_des_charges_exemples\vcp_ADC_DAC_jawher_khaled\STM32F4_VCP.uvproj
Project File Date:  10/09/2015

<h2>Output:</h2>
Rebuild target 'STM32F4_VCP'
compiling main.c...
compiling stm32f4_discovery.c...
compiling usb_bsp.c...
compiling usbd_desc.c...
compiling usbd_usr.c...
compiling usbd_cdc_vcp.c...
compiling Config.c...
compiling stm32f4xx_it.c...
assembling startup_stm32f4xx.s...
compiling usb_core.c...
compiling usb_dcd.c...
compiling usb_dcd_int.c...
compiling usbd_cdc_core.c...
Libraries\STM32_USB_Device_Library\Class\cdc\src\usbd_cdc_core.c(501): warning: C4017W: pbuf may be used before being set
Libraries\STM32_USB_Device_Library\Class\cdc\src\usbd_cdc_core.c(500): warning: C4017W: len may be used before being set
compiling usbd_core.c...
compiling usbd_ioreq.c...
compiling usbd_req.c...
compiling misc.c...
compiling stm32f4xx_exti.c...
compiling stm32f4xx_flash.c...
compiling stm32f4xx_gpio.c...
compiling stm32f4xx_rcc.c...
compiling stm32f4xx_syscfg.c...
compiling stm32f4xx_usart.c...
compiling stm32f4xx_adc.c...
compiling stm32f4xx_dac.c...
compiling system_stm32f4xx.c...
linking...
Program Size: Code=9712 RO-data=460 RW-data=376 ZI-data=4880  
".\Debug\STM32F4_VCP.axf" - 0 Error(s), 2 Warning(s).
Rebuild target 'STM32F4_VCP'
compiling main.c...
compiling stm32f4_discovery.c...
compiling usb_bsp.c...
compiling usbd_desc.c...
compiling usbd_usr.c...
compiling usbd_cdc_vcp.c...
compiling Config.c...
compiling stm32f4xx_it.c...
assembling startup_stm32f4xx.s...
compiling usb_core.c...
compiling usb_dcd.c...
compiling usb_dcd_int.c...
compiling usbd_cdc_core.c...
Libraries\STM32_USB_Device_Library\Class\cdc\src\usbd_cdc_core.c(501): warning: C4017W: pbuf may be used before being set
Libraries\STM32_USB_Device_Library\Class\cdc\src\usbd_cdc_core.c(500): warning: C4017W: len may be used before being set
compiling usbd_core.c...
compiling usbd_ioreq.c...
compiling usbd_req.c...
compiling misc.c...
compiling stm32f4xx_exti.c...
compiling stm32f4xx_flash.c...
compiling stm32f4xx_gpio.c...
compiling stm32f4xx_rcc.c...
compiling stm32f4xx_syscfg.c...
compiling stm32f4xx_usart.c...
compiling stm32f4xx_adc.c...
compiling stm32f4xx_dac.c...
compiling system_stm32f4xx.c...
linking...
Program Size: Code=9756 RO-data=460 RW-data=380 ZI-data=4876  
".\Debug\STM32F4_VCP.axf" - 0 Error(s), 2 Warning(s).
Load "C:\\sauvegarde\\cours_jelassi\\support_pedagogiques_khaled\\cahier_des_charges_avec_FreeRtos\\Annexes_cahier_des_charges_exemples\\vcp_ADC_DAC_jawher_khaled\\Debug\\STM32F4_VCP.axf" 
Erase Done.
Programming Done.
Verify OK.
Rebuild target 'STM32F4_VCP'
compiling main.c...
compiling stm32f4_discovery.c...
compiling usb_bsp.c...
compiling usbd_desc.c...
compiling usbd_usr.c...
compiling usbd_cdc_vcp.c...
compiling Config.c...
compiling stm32f4xx_it.c...
assembling startup_stm32f4xx.s...
compiling usb_core.c...
compiling usb_dcd.c...
compiling usb_dcd_int.c...
compiling usbd_cdc_core.c...
Libraries\STM32_USB_Device_Library\Class\cdc\src\usbd_cdc_core.c(501): warning: C4017W: pbuf may be used before being set
Libraries\STM32_USB_Device_Library\Class\cdc\src\usbd_cdc_core.c(500): warning: C4017W: len may be used before being set
compiling usbd_core.c...
compiling usbd_ioreq.c...
compiling usbd_req.c...
compiling misc.c...
compiling stm32f4xx_exti.c...
compiling stm32f4xx_flash.c...
compiling stm32f4xx_gpio.c...
compiling stm32f4xx_rcc.c...
compiling stm32f4xx_syscfg.c...
compiling stm32f4xx_usart.c...
compiling stm32f4xx_adc.c...
compiling stm32f4xx_dac.c...
compiling system_stm32f4xx.c...
linking...
Program Size: Code=9760 RO-data=460 RW-data=380 ZI-data=4876  
".\Debug\STM32F4_VCP.axf" - 0 Error(s), 2 Warning(s).
Load "C:\\sauvegarde\\cours_jelassi\\support_pedagogiques_khaled\\cahier_des_charges_avec_FreeRtos\\Annexes_cahier_des_charges_exemples\\vcp_ADC_DAC_jawher_khaled\\Debug\\STM32F4_VCP.axf" 
Erase Done.
Programming Done.
Verify OK.
Rebuild target 'STM32F4_VCP'
compiling main.c...
compiling stm32f4_discovery.c...
compiling usb_bsp.c...
compiling usbd_desc.c...
compiling usbd_usr.c...
compiling usbd_cdc_vcp.c...
compiling Config.c...
compiling stm32f4xx_it.c...
assembling startup_stm32f4xx.s...
compiling usb_core.c...
compiling usb_dcd.c...
compiling usb_dcd_int.c...
compiling usbd_cdc_core.c...
Libraries\STM32_USB_Device_Library\Class\cdc\src\usbd_cdc_core.c(501): warning: C4017W: pbuf may be used before being set
Libraries\STM32_USB_Device_Library\Class\cdc\src\usbd_cdc_core.c(500): warning: C4017W: len may be used before being set
compiling usbd_core.c...
compiling usbd_ioreq.c...
compiling usbd_req.c...
compiling misc.c...
compiling stm32f4xx_exti.c...
compiling stm32f4xx_flash.c...
compiling stm32f4xx_gpio.c...
compiling stm32f4xx_rcc.c...
compiling stm32f4xx_syscfg.c...
compiling stm32f4xx_usart.c...
compiling stm32f4xx_adc.c...
compiling stm32f4xx_dac.c...
compiling system_stm32f4xx.c...
linking...
Program Size: Code=9760 RO-data=460 RW-data=380 ZI-data=4876  
".\Debug\STM32F4_VCP.axf" - 0 Error(s), 2 Warning(s).
Load "C:\\sauvegarde\\cours_jelassi\\support_pedagogiques_khaled\\cahier_des_charges_avec_FreeRtos\\Annexes_cahier_des_charges_exemples\\vcp_ADC_DAC_jawher_khaled\\Debug\\STM32F4_VCP.axf" 
Erase Done.
Programming Done.
Verify OK.
