Component: ARM Compiler 5.06 update 5 (build 528) Tool: armlink [4d35e2]

==============================================================================

Section Cross References

    startup_stm32f4xx.o(STACK) refers (Special) to heapauxi.o(.text) for __use_two_region_memory
    startup_stm32f4xx.o(HEAP) refers (Special) to heapauxi.o(.text) for __use_two_region_memory
    startup_stm32f4xx.o(RESET) refers (Special) to heapauxi.o(.text) for __use_two_region_memory
    startup_stm32f4xx.o(RESET) refers to startup_stm32f4xx.o(STACK) for __initial_sp
    startup_stm32f4xx.o(RESET) refers to startup_stm32f4xx.o(.text) for Reset_Handler
    startup_stm32f4xx.o(RESET) refers to stm32f4xx_it.o(i.NMI_Handler) for NMI_Handler
    startup_stm32f4xx.o(RESET) refers to stm32f4xx_it.o(i.HardFault_Handler) for HardFault_Handler
    startup_stm32f4xx.o(RESET) refers to stm32f4xx_it.o(i.MemManage_Handler) for MemManage_Handler
    startup_stm32f4xx.o(RESET) refers to stm32f4xx_it.o(i.BusFault_Handler) for BusFault_Handler
    startup_stm32f4xx.o(RESET) refers to stm32f4xx_it.o(i.UsageFault_Handler) for UsageFault_Handler
    startup_stm32f4xx.o(RESET) refers to stm32f4xx_it.o(i.SVC_Handler) for SVC_Handler
    startup_stm32f4xx.o(RESET) refers to stm32f4xx_it.o(i.DebugMon_Handler) for DebugMon_Handler
    startup_stm32f4xx.o(RESET) refers to stm32f4xx_it.o(i.PendSV_Handler) for PendSV_Handler
    startup_stm32f4xx.o(RESET) refers to stm32f4xx_it.o(i.SysTick_Handler) for SysTick_Handler
    startup_stm32f4xx.o(RESET) refers to stm32f4xx_it.o(i.EXTI0_IRQHandler) for EXTI0_IRQHandler
    startup_stm32f4xx.o(RESET) refers to stm32f4xx_it.o(i.OTG_FS_WKUP_IRQHandler) for OTG_FS_WKUP_IRQHandler
    startup_stm32f4xx.o(RESET) refers to stm32f4xx_it.o(i.OTG_FS_IRQHandler) for OTG_FS_IRQHandler
    startup_stm32f4xx.o(.text) refers (Special) to heapauxi.o(.text) for __use_two_region_memory
    startup_stm32f4xx.o(.text) refers to system_stm32f4xx.o(i.SystemInit) for SystemInit
    startup_stm32f4xx.o(.text) refers to __main.o(!!!main) for __main
    startup_stm32f4xx.o(.text) refers to startup_stm32f4xx.o(HEAP) for Heap_Mem
    startup_stm32f4xx.o(.text) refers to startup_stm32f4xx.o(STACK) for Stack_Mem
    system_stm32f4xx.o(i.SystemCoreClockUpdate) refers to system_stm32f4xx.o(.data) for SystemCoreClock
    system_stm32f4xx.o(i.SystemCoreClockUpdate) refers to system_stm32f4xx.o(.constdata) for AHBPrescTable
    system_stm32f4xx.o(i.SystemInit) refers to system_stm32f4xx.o(i.SetSysClock) for SetSysClock
    stm32f4xx_it.o(i.EXTI0_IRQHandler) refers to stm32f4xx_exti.o(i.EXTI_ClearITPendingBit) for EXTI_ClearITPendingBit
    stm32f4xx_it.o(i.OTG_FS_IRQHandler) refers to usb_dcd_int.o(i.USBD_OTG_ISR_Handler) for USBD_OTG_ISR_Handler
    stm32f4xx_it.o(i.OTG_FS_IRQHandler) refers to config.o(.bss) for USB_OTG_dev
    stm32f4xx_it.o(i.OTG_FS_WKUP_IRQHandler) refers to system_stm32f4xx.o(i.SystemInit) for SystemInit
    stm32f4xx_it.o(i.OTG_FS_WKUP_IRQHandler) refers to usb_core.o(i.USB_OTG_UngateClock) for USB_OTG_UngateClock
    stm32f4xx_it.o(i.OTG_FS_WKUP_IRQHandler) refers to stm32f4xx_exti.o(i.EXTI_ClearITPendingBit) for EXTI_ClearITPendingBit
    stm32f4xx_it.o(i.OTG_FS_WKUP_IRQHandler) refers to config.o(.bss) for USB_OTG_dev
    usb_dcd.o(i.DCD_DevConnect) refers to usb_bsp.o(i.USB_OTG_BSP_mDelay) for USB_OTG_BSP_mDelay
    usb_dcd.o(i.DCD_DevDisconnect) refers to usb_bsp.o(i.USB_OTG_BSP_mDelay) for USB_OTG_BSP_mDelay
    usb_dcd.o(i.DCD_EP_Close) refers to usb_core.o(i.USB_OTG_EPDeactivate) for USB_OTG_EPDeactivate
    usb_dcd.o(i.DCD_EP_ClrStall) refers to usb_core.o(i.USB_OTG_EPClearStall) for USB_OTG_EPClearStall
    usb_dcd.o(i.DCD_EP_Flush) refers to usb_core.o(i.USB_OTG_FlushTxFifo) for USB_OTG_FlushTxFifo
    usb_dcd.o(i.DCD_EP_Flush) refers to usb_core.o(i.USB_OTG_FlushRxFifo) for USB_OTG_FlushRxFifo
    usb_dcd.o(i.DCD_EP_Open) refers to usb_core.o(i.USB_OTG_EPActivate) for USB_OTG_EPActivate
    usb_dcd.o(i.DCD_EP_PrepareRx) refers to usb_core.o(i.USB_OTG_EP0StartXfer) for USB_OTG_EP0StartXfer
    usb_dcd.o(i.DCD_EP_PrepareRx) refers to usb_core.o(i.USB_OTG_EPStartXfer) for USB_OTG_EPStartXfer
    usb_dcd.o(i.DCD_EP_Stall) refers to usb_core.o(i.USB_OTG_EPSetStall) for USB_OTG_EPSetStall
    usb_dcd.o(i.DCD_EP_Tx) refers to usb_core.o(i.USB_OTG_EP0StartXfer) for USB_OTG_EP0StartXfer
    usb_dcd.o(i.DCD_EP_Tx) refers to usb_core.o(i.USB_OTG_EPStartXfer) for USB_OTG_EPStartXfer
    usb_dcd.o(i.DCD_GetEPStatus) refers to usb_core.o(i.USB_OTG_GetEPStatus) for USB_OTG_GetEPStatus
    usb_dcd.o(i.DCD_Init) refers to usb_core.o(i.USB_OTG_SelectCore) for USB_OTG_SelectCore
    usb_dcd.o(i.DCD_Init) refers to usb_core.o(i.USB_OTG_DisableGlobalInt) for USB_OTG_DisableGlobalInt
    usb_dcd.o(i.DCD_Init) refers to usb_core.o(i.USB_OTG_CoreInit) for USB_OTG_CoreInit
    usb_dcd.o(i.DCD_Init) refers to usb_core.o(i.USB_OTG_SetCurrentMode) for USB_OTG_SetCurrentMode
[...]
    .bss                                     0x20000a58   Section      144  usbd_cdc_vcp.o(.bss)
    .bss                                     0x20000ae8   Section     1560  config.o(.bss)
    .bss                                     0x20001100   Section       96  libspace.o(.bss)
    HEAP                                     0x20001160   Section      512  startup_stm32f4xx.o(HEAP)
    Heap_Mem                                 0x20001160   Data         512  startup_stm32f4xx.o(HEAP)
    STACK                                    0x20001360   Section     1024  startup_stm32f4xx.o(STACK)
    Stack_Mem                                0x20001360   Data        1024  startup_stm32f4xx.o(STACK)
    __initial_sp                             0x20001760   Data           0  startup_stm32f4xx.o(STACK)

    Global Symbols

    Symbol Name                              Value     Ov Type        Size  Object(Section)

    BuildAttributes$$THM_ISAv4$E$P$D$K$B$S$7EM$VFPi3$EXTD16$VFPS$VFMA$PE$A:L22UL41UL21$X:L11$S22US41US21$IEEE1$IW$USESV6$~STKCKD$USESV7$~SHL$OTIME$ROPI$IEEEJ$EBA8$UX$STANDARDLIB$REQ8$PRES8$EABIv2 0x00000000   Number         0  anon$$obj.o ABSOLUTE
    __ARM_use_no_argv                        0x00000000   Number         0  main.o ABSOLUTE
    _printf_flags                            0x00000000   Number         0  printf_stubs.o ABSOLUTE
    _printf_return_value                     0x00000000   Number         0  printf_stubs.o ABSOLUTE
    _printf_sizespec                         0x00000000   Number         0  printf_stubs.o ABSOLUTE
    _printf_widthprec                        0x00000000   Number         0  printf_stubs.o ABSOLUTE
    __ARM_exceptions_init                     - Undefined Weak Reference
    __alloca_initialize                       - Undefined Weak Reference
    __arm_preinit_                            - Undefined Weak Reference
    __cpp_initialize__aeabi_                  - Undefined Weak Reference
    __cxa_finalize                            - Undefined Weak Reference
    __sigvec_lookup                           - Undefined Weak Reference
    _atexit_init                              - Undefined Weak Reference
    _call_atexit_fns                          - Undefined Weak Reference
    _clock_init                               - Undefined Weak Reference
    _fp_trap_init                             - Undefined Weak Reference
    _fp_trap_shutdown                         - Undefined Weak Reference
    _get_lc_collate                           - Undefined Weak Reference
    _get_lc_monetary                          - Undefined Weak Reference
    _get_lc_time                              - Undefined Weak Reference
    _getenv_init                              - Undefined Weak Reference
    _handle_redirection                       - Undefined Weak Reference
    _init_alloc                               - Undefined Weak Reference
    _init_user_alloc                          - Undefined Weak Reference
    _initio                                   - Undefined Weak Reference
    _mutex_acquire                            - Undefined Weak Reference
    _mutex_release                            - Undefined Weak Reference
    _printf_mbtowc                            - Undefined Weak Reference
    _printf_wc                                - Undefined Weak Reference
    _rand_init                                - Undefined Weak Reference
    _signal_finish                            - Undefined Weak Reference
    _signal_init                              - Undefined Weak Reference
    _terminate_alloc                          - Undefined Weak Reference
    _terminate_user_alloc                     - Undefined Weak Reference
    _terminateio                              - Undefined Weak Reference
    __Vectors_Size                           0x00000188   Number         0  startup_stm32f4xx.o ABSOLUTE
    __Vectors                                0x08000000   Data           4  startup_stm32f4xx.o(RESET)
    __Vectors_End                            0x08000188   Data           0  startup_stm32f4xx.o(RESET)
    __main                                   0x08000189   Thumb Code     8  __main.o(!!!main)
    __scatterload                            0x08000191   Thumb Code     0  __scatter.o(!!!scatter)
    __scatterload_rt2                        0x08000191   Thumb Code    44  __scatter.o(!!!scatter)
    __scatterload_rt2_thumb_only             0x08000191   Thumb Code     0  __scatter.o(!!!scatter)
    __scatterload_null                       0x0800019f   Thumb Code     0  __scatter.o(!!!scatter)
    __decompress                             0x080001c5   Thumb Code    90  __dczerorl2.o(!!dczerorl2)
    __decompress1                            0x080001c5   Thumb Code     0  __dczerorl2.o(!!dczerorl2)
    __scatterload_zeroinit                   0x08000221   Thumb Code    28  __scatter_zi.o(!!handler_zi)
    _printf_n                                0x0800023d   Thumb Code     0  _printf_n.o(.ARM.Collect$$_printf_percent$$00000001)
    _printf_percent                          0x0800023d   Thumb Code     0  _printf_percent.o(.ARM.Collect$$_printf_percent$$00000000)
    _printf_p                                0x08000243   Thumb Code     0  _printf_p.o(.ARM.Collect$$_printf_percent$$00000002)
    _printf_f                                0x08000249   Thumb Code     0  _printf_f.o(.ARM.Collect$$_printf_percent$$00000003)
    _printf_e                                0x0800024f   Thumb Code     0  _printf_e.o(.ARM.Collect$$_printf_percent$$00000004)
    _printf_g                                0x08000255   Thumb Code     0  _printf_g.o(.ARM.Collect$$_printf_percent$$00000005)
    _printf_a                                0x0800025b   Thumb Code     0  _printf_a.o(.ARM.Collect$$_printf_percent$$00000006)
    _printf_ll                               0x08000261   Thumb Code     0  _printf_ll.o(.ARM.Collect$$_printf_percent$$00000007)
    _printf_i                                0x0800026b   Thumb Code     0  _printf_i.o(.ARM.Collect$$_printf_percent$$00000008)
    _printf_d                                0x08000271   Thumb Code     0  _printf_d.o(.ARM.Collect$$_printf_percent$$00000009)
    _printf_u                                0x08000277   Thumb Code     0  _printf_u.o(.ARM.Collect$$_printf_percent$$0000000A)
    _printf_o                                0x0800027d   Thumb Code     0  _printf_o.o(.ARM.Collect$$_printf_percent$$0000000B)
    _printf_x                                0x08000283   Thumb Code     0  _printf_x.o(.ARM.Collect$$_printf_percent$$0000000C)
    _printf_lli                              0x08000289   Thumb Code     0  _printf_lli.o(.ARM.Collect$$_printf_percent$$0000000D)
    _printf_lld                              0x0800028f   Thumb Code     0  _printf_lld.o(.ARM.Collect$$_printf_percent$$0000000E)
    _printf_llu                              0x08000295   Thumb Code     0  _printf_llu.o(.ARM.Collect$$_printf_percent$$0000000F)
    _printf_llo                              0x0800029b   Thumb Code     0  _printf_llo.o(.ARM.Collect$$_printf_percent$$00000010)
    _printf_llx                              0x080002a1   Thumb Code     0  _printf_llx.o(.ARM.Collect$$_printf_percent$$00000011)
    _printf_l                                0x080002a7   Thumb Code     0  _printf_l.o(.ARM.Collect$$_printf_percent$$00000012)
    _printf_c                                0x080002b1   Thumb Code     0  _printf_c.o(.ARM.Collect$$_printf_percent$$00000013)
    _printf_s                                0x080002b7   Thumb Code     0  _printf_s.o(.ARM.Collect$$_printf_percent$$00000014)
    _printf_lc                               0x080002bd   Thumb Code     0  _printf_lc.o(.ARM.Collect$$_printf_percent$$00000015)
    _printf_ls                               0x080002c3   Thumb Code     0  _printf_ls.o(.ARM.Collect$$_printf_percent$$00000016)
    _printf_percent_end                      0x080002c9   Thumb Code     0  _printf_percent_end.o(.ARM.Collect$$_printf_percent$$00000017)
    __rt_lib_init                            0x080002cd   Thumb Code     0  libinit.o(.ARM.Collect$$libinit$$00000000)
    __rt_lib_init_fp_1                       0x080002cf   Thumb Code     0  libinit2.o(.ARM.Collect$$libinit$$00000001)
    __rt_lib_init_heap_1                     0x080002d3   Thumb Code     0  libinit2.o(.ARM.Collect$$libinit$$0000000A)
    __rt_lib_init_lc_common                  0x080002d3   Thumb Code     0  libinit2.o(.ARM.Collect$$libinit$$0000000F)
    __rt_lib_init_preinit_1                  0x080002d3   Thumb Code     0  libinit2.o(.ARM.Collect$$libinit$$00000004)
    __rt_lib_init_rand_1                     0x080002d3   Thumb Code     0  libinit2.o(.ARM.Collect$$libinit$$0000000E)
    __rt_lib_init_user_alloc_1               0x080002d3   Thumb Code     0  libinit2.o(.ARM.Collect$$libinit$$0000000C)
    __rt_lib_init_lc_collate_1               0x080002d9   Thumb Code     0  libinit2.o(.ARM.Collect$$libinit$$00000011)
    __rt_lib_init_lc_ctype_2                 0x080002d9   Thumb Code     0  libinit2.o(.ARM.Collect$$libinit$$00000012)
    __rt_lib_init_lc_ctype_1                 0x080002e5   Thumb Code     0  libinit2.o(.ARM.Collect$$libinit$$00000013)
    __rt_lib_init_lc_monetary_1              0x080002e5   Thumb Code     0  libinit2.o(.ARM.Collect$$libinit$$00000015)
    __rt_lib_init_lc_numeric_2               0x080002e5   Thumb Code     0  libinit2.o(.ARM.Collect$$libinit$$00000016)
    __rt_lib_init_alloca_1                   0x080002ef   Thumb Code     0  libinit2.o(.ARM.Collect$$libinit$$0000002E)
    __rt_lib_init_argv_1                     0x080002ef   Thumb Code     0  libinit2.o(.ARM.Collect$$libinit$$0000002C)
    __rt_lib_init_atexit_1                   0x080002ef   Thumb Code     0  libinit2.o(.ARM.Collect$$libinit$$0000001B)
    __rt_lib_init_clock_1                    0x080002ef   Thumb Code     0  libinit2.o(.ARM.Collect$$libinit$$00000021)
    __rt_lib_init_cpp_1                      0x080002ef   Thumb Code     0  libinit2.o(.ARM.Collect$$libinit$$00000032)
    __rt_lib_init_exceptions_1               0x080002ef   Thumb Code     0  libinit2.o(.ARM.Collect$$libinit$$00000030)
    __rt_lib_init_fp_trap_1                  0x080002ef   Thumb Code     0  libinit2.o(.ARM.Collect$$libinit$$0000001F)
    __rt_lib_init_getenv_1                   0x080002ef   Thumb Code     0  libinit2.o(.ARM.Collect$$libinit$$00000023)
    __rt_lib_init_lc_numeric_1               0x080002ef   Thumb Code     0  libinit2.o(.ARM.Collect$$libinit$$00000017)
    __rt_lib_init_lc_time_1                  0x080002ef   Thumb Code     0  libinit2.o(.ARM.Collect$$libinit$$00000019)
    __rt_lib_init_return                     0x080002ef   Thumb Code     0  libinit2.o(.ARM.Collect$$libinit$$00000033)
    __rt_lib_init_signal_1                   0x080002ef   Thumb Code     0  libinit2.o(.ARM.Collect$$libinit$$0000001D)
    __rt_lib_init_stdio_1                    0x080002ef   Thumb Code     0  libinit2.o(.ARM.Collect$$libinit$$00000025)
    __rt_lib_shutdown                        0x080002f1   Thumb Code     0  libshutdown.o(.ARM.Collect$$libshutdown$$00000000)
    __rt_lib_shutdown_cpp_1                  0x080002f3   Thumb Code     0  libshutdown2.o(.ARM.Collect$$libshutdown$$00000002)
    __rt_lib_shutdown_fp_trap_1              0x080002f3   Thumb Code     0  libshutdown2.o(.ARM.Collect$$libshutdown$$00000007)
    __rt_lib_shutdown_heap_1                 0x080002f3   Thumb Code     0  libshutdown2.o(.ARM.Collect$$libshutdown$$0000000F)
    __rt_lib_shutdown_return                 0x080002f3   Thumb Code     0  libshutdown2.o(.ARM.Collect$$libshutdown$$00000010)
    __rt_lib_shutdown_signal_1               0x080002f3   Thumb Code     0  libshutdown2.o(.ARM.Collect$$libshutdown$$0000000A)
    __rt_lib_shutdown_stdio_1                0x080002f3   Thumb Code     0  libshutdown2.o(.ARM.Collect$$libshutdown$$00000004)
    __rt_lib_shutdown_user_alloc_1           0x080002f3   Thumb Code     0  libshutdown2.o(.ARM.Collect$$libshutdown$$0000000C)
    __rt_entry                               0x080002f5   Thumb Code     0  __rtentry.o(.ARM.Collect$$rtentry$$00000000)
    __rt_entry_presh_1                       0x080002f5   Thumb Code     0  __rtentry2.o(.ARM.Collect$$rtentry$$00000002)
    __rt_entry_sh                            0x080002f5   Thumb Code     0  __rtentry4.o(.ARM.Collect$$rtentry$$00000004)
    __rt_entry_li                            0x080002fb   Thumb Code     0  __rtentry2.o(.ARM.Collect$$rtentry$$0000000A)
    __rt_entry_postsh_1                      0x080002fb   Thumb Code     0  __rtentry2.o(.ARM.Collect$$rtentry$$00000009)
    __rt_entry_main                          0x080002ff   Thumb Code     0  __rtentry2.o(.ARM.Collect$$rtentry$$0000000D)
    __rt_entry_postli_1                      0x080002ff   Thumb Code     0  __rtentry2.o(.ARM.Collect$$rtentry$$0000000C)
    __rt_exit                                0x08000307   Thumb Code     0  rtexit.o(.ARM.Collect$$rtexit$$00000000)
    __rt_exit_ls                             0x08000309   Thumb Code     0  rtexit2.o(.ARM.Collect$$rtexit$$00000003)
    __rt_exit_prels_1                        0x08000309   Thumb Code     0  rtexit2.o(.ARM.Collect$$rtexit$$00000002)
    __rt_exit_exit                           0x0800030d   Thumb Code     0  rtexit2.o(.ARM.Collect$$rtexit$$00000004)
    Reset_Handler                            0x08000315   Thumb Code    18  startup_stm32f4xx.o(.text)
    ADC_IRQHandler                           0x08000339   Thumb Code     0  startup_stm32f4xx.o(.text)
    CAN1_RX0_IRQHandler                      0x08000339   Thumb Code     0  startup_stm32f4xx.o(.text)
    CAN1_RX1_IRQHandler                      0x08000339   Thumb Code     0  startup_stm32f4xx.o(.text)
    CAN1_SCE_IRQHandler                      0x08000339   Thumb Code     0  startup_stm32f4xx.o(.text)
    CAN1_TX_IRQHandler                       0x08000339   Thumb Code     0  startup_stm32f4xx.o(.text)
    CAN2_RX0_IRQHandler                      0x08000339   Thumb Code     0  startup_stm32f4xx.o(.text)
    CAN2_RX1_IRQHandler                      0x08000339   Thumb Code     0  startup_stm32f4xx.o(.text)
    CAN2_SCE_IRQHandler                      0x08000339   Thumb Code     0  startup_stm32f4xx.o(.text)
    CAN2_TX_IRQHandler                       0x08000339   Thumb Code     0  startup_stm32f4xx.o(.text)
    CRYP_IRQHandler                          0x08000339   Thumb Code     0  startup_stm32f4xx.o(.text)
    DCMI_IRQHandler                          0x08000339   Thumb Code     0  startup_stm32f4xx.o(.text)
    DMA1_Stream0_IRQHandler                  0x08000339   Thumb Code     0  startup_stm32f4xx.o(.text)
    DMA1_Stream1_IRQHandler                  0x08000339   Thumb Code     0  startup_stm32f4xx.o(.text)
    DMA1_Stream2_IRQHandler                  0x08000339   Thumb Code     0  startup_stm32f4xx.o(.text)
    DMA1_Stream3_IRQHandler                  0x08000339   Thumb Code     0  startup_stm32f4xx.o(.text)
    DMA1_Stream4_IRQHandler                  0x08000339   Thumb Code     0  startup_stm32f4xx.o(.text)
    DMA1_Stream5_IRQHandler                  0x08000339   Thumb Code     0  startup_stm32f4xx.o(.text)
    DMA1_Stream6_IRQHandler                  0x08000339   Thumb Code     0  startup_stm32f4xx.o(.text)
    DMA1_Stream7_IRQHandler                  0x08000339   Thumb Code     0  startup_stm32f4xx.o(.text)
    DMA2_Stream0_IRQHandler                  0x08000339   Thumb Code     0  startup_stm32f4xx.o(.text)
    DMA2_Stream1_IRQHandler                  0x08000339   Thumb Code     0  startup_stm32f4xx.o(.text)
    DMA2_Stream2_IRQHandler                  0x08000339   Thumb Code     0  startup_stm32f4xx.o(.text)
    DMA2_Stream3_IRQHandler                  0x08000339   Thumb Code     0  startup_stm32f4xx.o(.text)
    DMA2_Stream4_IRQHandler                  0x08000339   Thumb Code     0  startup_stm32f4xx.o(.text)
    DMA2_Stream5_IRQHandler                  0x08000339   Thumb Code     0  startup_stm32f4xx.o(.text)
    DMA2_Stream6_IRQHandler                  0x08000339   Thumb Code     0  startup_stm32f4xx.o(.text)
    DMA2_Stream7_IRQHandler                  0x08000339   Thumb Code     0  startup_stm32f4xx.o(.text)
    ETH_IRQHandler                           0x08000339   Thumb Code     0  startup_stm32f4xx.o(.text)
    ETH_WKUP_IRQHandler                      0x08000339   Thumb Code     0  startup_stm32f4xx.o(.text)
    EXTI15_10_IRQHandler                     0x08000339   Thumb Code     0  startup_stm32f4xx.o(.text)
    EXTI1_IRQHandler                         0x08000339   Thumb Code     0  startup_stm32f4xx.o(.text)
    EXTI2_IRQHandler                         0x08000339   Thumb Code     0  startup_stm32f4xx.o(.text)
    EXTI3_IRQHandler                         0x08000339   Thumb Code     0  startup_stm32f4xx.o(.text)
    EXTI4_IRQHandler                         0x08000339   Thumb Code     0  startup_stm32f4xx.o(.text)
    EXTI9_5_IRQHandler                       0x08000339   Thumb Code     0  startup_stm32f4xx.o(.text)
    FLASH_IRQHandler                         0x08000339   Thumb Code     0  startup_stm32f4xx.o(.text)
    FPU_IRQHandler                           0x08000339   Thumb Code     0  startup_stm32f4xx.o(.text)
    FSMC_IRQHandler                          0x08000339   Thumb Code     0  startup_stm32f4xx.o(.text)
    HASH_RNG_IRQHandler                      0x08000339   Thumb Code     0  startup_stm32f4xx.o(.text)
    I2C1_ER_IRQHandler                       0x08000339   Thumb Code     0  startup_stm32f4xx.o(.text)
    I2C1_EV_IRQHandler                       0x08000339   Thumb Code     0  startup_stm32f4xx.o(.text)
    I2C2_ER_IRQHandler                       0x08000339   Thumb Code     0  startup_stm32f4xx.o(.text)
    I2C2_EV_IRQHandler                       0x08000339   Thumb Code     0  startup_stm32f4xx.o(.text)
    I2C3_ER_IRQHandler                       0x08000339   Thumb Code     0  startup_stm32f4xx.o(.text)
    I2C3_EV_IRQHandler                       0x08000339   Thumb Code     0  startup_stm32f4xx.o(.text)
    OTG_HS_EP1_IN_IRQHandler                 0x08000339   Thumb Code     0  startup_stm32f4xx.o(.text)
    OTG_HS_EP1_OUT_IRQHandler                0x08000339   Thumb Code     0  startup_stm32f4xx.o(.text)
    OTG_HS_IRQHandler                        0x08000339   Thumb Code     0  startup_stm32f4xx.o(.text)
    OTG_HS_WKUP_IRQHandler                   0x08000339   Thumb Code     0  startup_stm32f4xx.o(.text)
    PVD_IRQHandler                           0x08000339   Thumb Code     0  startup_stm32f4xx.o(.text)
    RCC_IRQHandler                           0x08000339   Thumb Code     0  startup_stm32f4xx.o(.text)
    RTC_Alarm_IRQHandler                     0x08000339   Thumb Code     0  startup_stm32f4xx.o(.text)
    RTC_WKUP_IRQHandler                      0x08000339   Thumb Code     0  startup_stm32f4xx.o(.text)
    SDIO_IRQHandler                          0x08000339   Thumb Code     0  startup_stm32f4xx.o(.text)
    SPI1_IRQHandler                          0x08000339   Thumb Code     0  startup_stm32f4xx.o(.text)
    SPI2_IRQHandler                          0x08000339   Thumb Code     0  startup_stm32f4xx.o(.text)
    SPI3_IRQHandler                          0x08000339   Thumb Code     0  startup_stm32f4xx.o(.text)
    TAMP_STAMP_IRQHandler                    0x08000339   Thumb Code     0  startup_stm32f4xx.o(.text)
    TIM1_BRK_TIM9_IRQHandler                 0x08000339   Thumb Code     0  startup_stm32f4xx.o(.text)
    TIM1_CC_IRQHandler                       0x08000339   Thumb Code     0  startup_stm32f4xx.o(.text)
    TIM1_TRG_COM_TIM11_IRQHandler            0x08000339   Thumb Code     0  startup_stm32f4xx.o(.text)
    TIM1_UP_TIM10_IRQHandler                 0x08000339   Thumb Code     0  startup_stm32f4xx.o(.text)
    TIM2_IRQHandler                          0x08000339   Thumb Code     0  startup_stm32f4xx.o(.text)
    TIM3_IRQHandler                          0x08000339   Thumb Code     0  startup_stm32f4xx.o(.text)
    TIM4_IRQHandler                          0x08000339   Thumb Code     0  startup_stm32f4xx.o(.text)
    TIM5_IRQHandler                          0x08000339   Thumb Code     0  startup_stm32f4xx.o(.text)
    TIM6_DAC_IRQHandler                      0x08000339   Thumb Code     0  startup_stm32f4xx.o(.text)
    TIM7_IRQHandler                          0x08000339   Thumb Code     0  startup_stm32f4xx.o(.text)
    TIM8_BRK_TIM12_IRQHandler                0x08000339   Thumb Code     0  startup_stm32f4xx.o(.text)
    TIM8_CC_IRQHandler                       0x08000339   Thumb Code     0  startup_stm32f4xx.o(.text)
    TIM8_TRG_COM_TIM14_IRQHandler            0x08000339   Thumb Code     0  startup_stm32f4xx.o(.text)
    TIM8_UP_TIM13_IRQHandler                 0x08000339   Thumb Code     0  startup_stm32f4xx.o(.text)
    UART4_IRQHandler                         0x08000339   Thumb Code     0  startup_stm32f4xx.o(.text)
    UART5_IRQHandler                         0x08000339   Thumb Code     0  startup_stm32f4xx.o(.text)
    USART1_IRQHandler                        0x08000339   Thumb Code     0  startup_stm32f4xx.o(.text)
    USART2_IRQHandler                        0x08000339   Thumb Code     0  startup_stm32f4xx.o(.text)
    USART3_IRQHandler                        0x08000339   Thumb Code     0  startup_stm32f4xx.o(.text)
    USART6_IRQHandler                        0x08000339   Thumb Code     0  startup_stm32f4xx.o(.text)
    WWDG_IRQHandler                          0x08000339   Thumb Code     0  startup_stm32f4xx.o(.text)
    __user_initial_stackheap                 0x0800033d   Thumb Code     0  startup_stm32f4xx.o(.text)
    printf                                   0x08000365   Thumb Code    20  printf.o(.text)
    __2printf                                0x0800037d   Thumb Code    20  __2printf.o(.text)
    __2sprintf                               0x08000395   Thumb Code    38  __2sprintf.o(.text)
    _printf_int_dec                          0x080003c1   Thumb Code   104  _printf_dec.o(.text)
    __printf                                 0x08000439   Thumb Code   388  __printf_flags_ss_wp.o(.text)
    strcat                                   0x080005c1   Thumb Code    24  strcat.o(.text)
    __use_two_region_memory                  0x080005d9   Thumb Code     2  heapauxi.o(.text)
    __rt_heap_escrow$2region                 0x080005db   Thumb Code     2  heapauxi.o(.text)
    __rt_heap_expand$2region                 0x080005dd   Thumb Code     2  heapauxi.o(.text)
    _printf_pre_padding                      0x080005df   Thumb Code    44  _printf_pad.o(.text)
    _printf_post_padding                     0x0800060b   Thumb Code    34  _printf_pad.o(.text)
    _printf_truncate_signed                  0x0800062d   Thumb Code    18  _printf_truncate.o(.text)
    _printf_truncate_unsigned                0x0800063f   Thumb Code    18  _printf_truncate.o(.text)
    _printf_str                              0x08000651   Thumb Code    82  _printf_str.o(.text)
    _printf_int_common                       0x080006a3   Thumb Code   178  _printf_intcommon.o(.text)
    _printf_charcount                        0x08000755   Thumb Code    40  _printf_charcount.o(.text)
    _printf_char_common                      0x08000787   Thumb Code    32  _printf_char_common.o(.text)
    _sputc                                   0x080007ad   Thumb Code    10  _sputc.o(.text)
    _printf_char_file                        0x080007b9   Thumb Code    32  _printf_char_file.o(.text)
    _printf_wctomb                           0x080007dd   Thumb Code   182  _printf_wctomb.o(.text)
    _printf_longlong_dec                     0x08000899   Thumb Code   108  _printf_longlong_dec.o(.text)
    _printf_longlong_oct                     0x08000915   Thumb Code    66  _printf_oct_int_ll.o(.text)
    _printf_int_oct                          0x08000957   Thumb Code    24  _printf_oct_int_ll.o(.text)
    _printf_ll_oct                           0x0800096f   Thumb Code    12  _printf_oct_int_ll.o(.text)
    _printf_longlong_hex                     0x08000985   Thumb Code    86  _printf_hex_int_ll_ptr.o(.text)
    _printf_int_hex                          0x080009db   Thumb Code    28  _printf_hex_int_ll_ptr.o(.text)
    _printf_ll_hex                           0x080009f7   Thumb Code    12  _printf_hex_int_ll_ptr.o(.text)
    _printf_hex_ptr                          0x08000a03   Thumb Code    18  _printf_hex_int_ll_ptr.o(.text)
    _ll_udiv10                               0x08000a19   Thumb Code   138  lludiv10.o(.text)
    __lib_sel_fp_printf                      0x08000aa3   Thumb Code     2  _printf_fp_dec.o(.text)
    _printf_fp_dec_real                      0x08000c55   Thumb Code   620  _printf_fp_dec.o(.text)
    _printf_fp_hex_real                      0x08000ec1   Thumb Code   756  _printf_fp_hex.o(.text)
    _printf_cs_common                        0x080011bd   Thumb Code    20  _printf_char.o(.text)
    _printf_char                             0x080011d1   Thumb Code    16  _printf_char.o(.text)
    _printf_string                           0x080011e1   Thumb Code     8  _printf_char.o(.text)
    _printf_lcs_common                       0x080011e9   Thumb Code    20  _printf_wchar.o(.text)
    _printf_wchar                            0x080011fd   Thumb Code    16  _printf_wchar.o(.text)
    _printf_wstring                          0x0800120d   Thumb Code     8  _printf_wchar.o(.text)
    ferror                                   0x08001215   Thumb Code     8  ferror.o(.text)
    _wcrtomb                                 0x0800121d   Thumb Code    64  _wcrtomb.o(.text)
    __user_setup_stackheap                   0x0800125d   Thumb Code    74  sys_stackheap_outer.o(.text)
    __rt_ctype_table                         0x080012a9   Thumb Code    16  rt_ctype_table.o(.text)
    __rt_locale                              0x080012b9   Thumb Code     8  rt_locale_intlibspace.o(.text)
    _printf_fp_infnan                        0x080012c1   Thumb Code   112  _printf_fp_infnan.o(.text)
    _btod_etento                             0x08001341   Thumb Code   224  bigflt0.o(.text)
    exit                                     0x08001425   Thumb Code    18  exit.o(.text)
    __user_libspace                          0x08001439   Thumb Code     8  libspace.o(.text)
    __user_perproc_libspace                  0x08001439   Thumb Code     0  libspace.o(.text)
    __user_perthread_libspace                0x08001439   Thumb Code     0  libspace.o(.text)
    strcmp                                   0x08001441   Thumb Code   128  strcmpv7m.o(.text)
    _sys_exit                                0x080014c1   Thumb Code     8  sys_exit.o(.text)
    __I$use$semihosting                      0x080014cd   Thumb Code     0  use_no_semi.o(.text)
    __use_no_semihosting_swi                 0x080014cd   Thumb Code     2  use_no_semi.o(.text)
    __semihosting_library_function           0x080014cf   Thumb Code     0  indicate_semi.o(.text)
    _btod_d2e                                0x080014cf   Thumb Code    62  btod.o(CL$$btod_d2e)
    _d2e_denorm_low                          0x0800150d   Thumb Code    70  btod.o(CL$$btod_d2e_denorm_low)
    _d2e_norm_op1                            0x08001553   Thumb Code    96  btod.o(CL$$btod_d2e_norm_op1)
    __btod_div_common                        0x080015b3   Thumb Code   696  btod.o(CL$$btod_div_common)
    _e2e                                     0x080018eb   Thumb Code   220  btod.o(CL$$btod_e2e)
    _btod_ediv                               0x080019c7   Thumb Code    42  btod.o(CL$$btod_ediv)
    _btod_emul                               0x080019f1   Thumb Code    42  btod.o(CL$$btod_emul)
    __btod_mult_common                       0x08001a1b   Thumb Code   580  btod.o(CL$$btod_mult_common)
    ADC_Cmd                                  0x08001c5f   Thumb Code    22  stm32f4xx_adc.o(i.ADC_Cmd)
    ADC_Config                               0x08001c75   Thumb Code    78  config.o(i.ADC_Config)
    ADC_GetConversionValue                   0x08001cd5   Thumb Code     8  stm32f4xx_adc.o(i.ADC_GetConversionValue)
    ADC_GetFlagStatus                        0x08001cdd   Thumb Code    18  stm32f4xx_adc.o(i.ADC_GetFlagStatus)
    ADC_Init                                 0x08001cf1   Thumb Code    74  stm32f4xx_adc.o(i.ADC_Init)
    ADC_RegularChannelConfig                 0x08001d45   Thumb Code   184  stm32f4xx_adc.o(i.ADC_RegularChannelConfig)
    ADC_SoftwareStartConv                    0x08001dfd   Thumb Code    10  stm32f4xx_adc.o(i.ADC_SoftwareStartConv)
    BusFault_Handler                         0x08001e07   Thumb Code     4  stm32f4xx_it.o(i.BusFault_Handler)
    DCD_EP_Close                             0x08001e0b   Thumb Code    74  usb_dcd.o(i.DCD_EP_Close)
    DCD_EP_ClrStall                          0x08001e55   Thumb Code    72  usb_dcd.o(i.DCD_EP_ClrStall)
    DCD_EP_Open                              0x08001e9d   Thumb Code   104  usb_dcd.o(i.DCD_EP_Open)
    DCD_EP_PrepareRx                         0x08001f05   Thumb Code    82  usb_dcd.o(i.DCD_EP_PrepareRx)
    DCD_EP_SetAddress                        0x08001f57   Thumb Code    28  usb_dcd.o(i.DCD_EP_SetAddress)
    DCD_EP_Stall                             0x08001f73   Thumb Code    72  usb_dcd.o(i.DCD_EP_Stall)
    DCD_EP_Tx                                0x08001fbb   Thumb Code    78  usb_dcd.o(i.DCD_EP_Tx)
    DCD_Init                                 0x08002609   Thumb Code   156  usb_dcd.o(i.DCD_Init)
    DebugMon_Handler                         0x080027b5   Thumb Code     2  stm32f4xx_it.o(i.DebugMon_Handler)
    EXTI0_IRQHandler                         0x080027b7   Thumb Code    10  stm32f4xx_it.o(i.EXTI0_IRQHandler)
    EXTI_ClearITPendingBit                   0x080027c1   Thumb Code     6  stm32f4xx_exti.o(i.EXTI_ClearITPendingBit)
    EXTI_Init                                0x080027cd   Thumb Code   142  stm32f4xx_exti.o(i.EXTI_Init)
    GPIO_AInit                               0x08002861   Thumb Code    36  main.o(i.GPIO_AInit)
    GPIO_Init                                0x0800288d   Thumb Code   144  stm32f4xx_gpio.o(i.GPIO_Init)
    GPIO_PinAFConfig                         0x0800291d   Thumb Code    70  stm32f4xx_gpio.o(i.GPIO_PinAFConfig)
    GPIO_SetBits                             0x08002963   Thumb Code     4  stm32f4xx_gpio.o(i.GPIO_SetBits)
    GPIO_ToggleBits                          0x08002967   Thumb Code     8  stm32f4xx_gpio.o(i.GPIO_ToggleBits)
    HardFault_Handler                        0x08002a59   Thumb Code     4  stm32f4xx_it.o(i.HardFault_Handler)
    LED_Config                               0x08002a5d   Thumb Code    36  config.o(i.LED_Config)
    MemManage_Handler                        0x08002a81   Thumb Code     4  stm32f4xx_it.o(i.MemManage_Handler)
    NMI_Handler                              0x08002a85   Thumb Code     2  stm32f4xx_it.o(i.NMI_Handler)
    NVIC_Init                                0x08002a89   Thumb Code   106  misc.o(i.NVIC_Init)
    OTG_FS_IRQHandler                        0x08002b01   Thumb Code    10  stm32f4xx_it.o(i.OTG_FS_IRQHandler)
    OTG_FS_WKUP_IRQHandler                   0x08002b11   Thumb Code    40  stm32f4xx_it.o(i.OTG_FS_WKUP_IRQHandler)
    PendSV_Handler                           0x08002b41   Thumb Code     2  stm32f4xx_it.o(i.PendSV_Handler)
    RCC_AHB1PeriphClockCmd                   0x08002b45   Thumb Code    26  stm32f4xx_rcc.o(i.RCC_AHB1PeriphClockCmd)
    RCC_AHB2PeriphClockCmd                   0x08002b65   Thumb Code    26  stm32f4xx_rcc.o(i.RCC_AHB2PeriphClockCmd)
    RCC_APB1PeriphClockCmd                   0x08002b85   Thumb Code    26  stm32f4xx_rcc.o(i.RCC_APB1PeriphClockCmd)
    RCC_APB1PeriphResetCmd                   0x08002ba5   Thumb Code    26  stm32f4xx_rcc.o(i.RCC_APB1PeriphResetCmd)
    RCC_APB2PeriphClockCmd                   0x08002bc5   Thumb Code    26  stm32f4xx_rcc.o(i.RCC_APB2PeriphClockCmd)
    RCC_Config                               0x08002be5   Thumb Code    44  config.o(i.RCC_Config)
    STM32F4_Discovery_LEDInit                0x08002c11   Thumb Code    62  stm32f4_discovery.o(i.STM32F4_Discovery_LEDInit)
    STM32F4_Discovery_LEDOff                 0x08002c5d   Thumb Code    16  stm32f4_discovery.o(i.STM32F4_Discovery_LEDOff)
    STM32F4_Discovery_LEDOn                  0x08002c75   Thumb Code    16  stm32f4_discovery.o(i.STM32F4_Discovery_LEDOn)
    STM32F4_Discovery_PBInit                 0x08002c8d   Thumb Code   140  stm32f4_discovery.o(i.STM32F4_Discovery_PBInit)
    SVC_Handler                              0x08002d35   Thumb Code     2  stm32f4xx_it.o(i.SVC_Handler)
    SYSCFG_EXTILineConfig                    0x08002d39   Thumb Code    60  stm32f4xx_syscfg.o(i.SYSCFG_EXTILineConfig)
    SysTick_Handler                          0x08002e65   Thumb Code     2  stm32f4xx_it.o(i.SysTick_Handler)
    SystemInit                               0x08002e69   Thumb Code    74  system_stm32f4xx.o(i.SystemInit)
    TIM2_Init                                0x08002ec5   Thumb Code    50  main.o(i.TIM2_Init)
    TIM4_ms_Delay                            0x08002efd   Thumb Code    80  main.o(i.TIM4_ms_Delay)
    USBD_ClrCfg                              0x08002f55   Thumb Code    22  usbd_core.o(i.USBD_ClrCfg)
    USBD_CtlContinueRx                       0x08002fb3   Thumb Code    30  usbd_ioreq.o(i.USBD_CtlContinueRx)
    USBD_CtlContinueSendData                 0x08002fd1   Thumb Code    30  usbd_ioreq.o(i.USBD_CtlContinueSendData)
    USBD_CtlError                            0x08002fef   Thumb Code    56  usbd_req.o(i.USBD_CtlError)
    USBD_CtlPrepareRx                        0x08003027   Thumb Code    46  usbd_ioreq.o(i.USBD_CtlPrepareRx)
    USBD_CtlReceiveStatus                    0x08003055   Thumb Code    36  usbd_ioreq.o(i.USBD_CtlReceiveStatus)
    USBD_CtlSendData                         0x08003079   Thumb Code    46  usbd_ioreq.o(i.USBD_CtlSendData)
    USBD_CtlSendStatus                       0x080030a7   Thumb Code    36  usbd_ioreq.o(i.USBD_CtlSendStatus)
    USBD_DeInit                              0x08003219   Thumb Code     6  usbd_core.o(i.USBD_DeInit)
    USBD_GetString                           0x080033f9   Thumb Code    82  usbd_req.o(i.USBD_GetString)
    USBD_Init                                0x0800344b   Thumb Code    66  usbd_core.o(i.USBD_Init)
    USBD_OTG_ISR_Handler                     0x080034b1   Thumb Code   224  usb_dcd_int.o(i.USBD_OTG_ISR_Handler)
    USBD_ParseSetupRequest                   0x08003591   Thumb Code    72  usbd_req.o(i.USBD_ParseSetupRequest)
    USBD_SetCfg                              0x08003699   Thumb Code    30  usbd_core.o(i.USBD_SetCfg)
    USBD_StdDevReq                           0x08003875   Thumb Code   114  usbd_req.o(i.USBD_StdDevReq)
    USBD_StdEPReq                            0x080038e9   Thumb Code   344  usbd_req.o(i.USBD_StdEPReq)
    USBD_StdItfReq                           0x08003a45   Thumb Code    76  usbd_req.o(i.USBD_StdItfReq)
    USBD_USR_ConfigStrDescriptor             0x08003aa9   Thumb Code    34  usbd_desc.o(i.USBD_USR_ConfigStrDescriptor)
    USBD_USR_DeviceConfigured                0x08003add   Thumb Code    10  usbd_usr.o(i.USBD_USR_DeviceConfigured)
    USBD_USR_DeviceDescriptor                0x08003ae9   Thumb Code    10  usbd_desc.o(i.USBD_USR_DeviceDescriptor)
    USBD_USR_DeviceReset                     0x08003af9   Thumb Code     2  usbd_usr.o(i.USBD_USR_DeviceReset)
    USBD_USR_DeviceResumed                   0x08003afb   Thumb Code    10  usbd_usr.o(i.USBD_USR_DeviceResumed)
    USBD_USR_DeviceSuspended                 0x08003b05   Thumb Code    10  usbd_usr.o(i.USBD_USR_DeviceSuspended)
    USBD_USR_Init                            0x08003b0f   Thumb Code    10  usbd_usr.o(i.USBD_USR_Init)
    USBD_USR_InterfaceStrDescriptor          0x08003b19   Thumb Code    34  usbd_desc.o(i.USBD_USR_InterfaceStrDescriptor)
    USBD_USR_LangIDStrDescriptor             0x08003b51   Thumb Code    10  usbd_desc.o(i.USBD_USR_LangIDStrDescriptor)
    USBD_USR_ManufacturerStrDescriptor       0x08003b61   Thumb Code    20  usbd_desc.o(i.USBD_USR_ManufacturerStrDescriptor)
    USBD_USR_ProductStrDescriptor            0x08003b8d   Thumb Code    34  usbd_desc.o(i.USBD_USR_ProductStrDescriptor)
    USBD_USR_SerialStrDescriptor             0x08003bfd   Thumb Code    34  usbd_desc.o(i.USBD_USR_SerialStrDescriptor)
    USB_Config                               0x08003c55   Thumb Code    20  config.o(i.USB_Config)
    USB_OTG_BSP_EnableInterrupt              0x08003c79   Thumb Code    36  usb_bsp.o(i.USB_OTG_BSP_EnableInterrupt)
    USB_OTG_BSP_Init                         0x08003c9d   Thumb Code   160  usb_bsp.o(i.USB_OTG_BSP_Init)
    USB_OTG_BSP_mDelay                       0x08003d41   Thumb Code    18  usb_bsp.o(i.USB_OTG_BSP_mDelay)
    USB_OTG_BSP_uDelay                       0x08003d53   Thumb Code    30  usb_bsp.o(i.USB_OTG_BSP_uDelay)
    USB_OTG_CoreInit                         0x08003d71   Thumb Code   462  usb_core.o(i.USB_OTG_CoreInit)
    USB_OTG_CoreInitDev                      0x08003f3f   Thumb Code   526  usb_core.o(i.USB_OTG_CoreInitDev)
    USB_OTG_DisableGlobalInt                 0x080041bd   Thumb Code    34  usb_core.o(i.USB_OTG_DisableGlobalInt)
    USB_OTG_EP0Activate                      0x080041df   Thumb Code   106  usb_core.o(i.USB_OTG_EP0Activate)
    USB_OTG_EP0StartXfer                     0x08004249   Thumb Code   342  usb_core.o(i.USB_OTG_EP0StartXfer)
    USB_OTG_EP0_OutStart                     0x0800439f   Thumb Code    98  usb_core.o(i.USB_OTG_EP0_OutStart)
    USB_OTG_EPActivate                       0x08004401   Thumb Code   152  usb_core.o(i.USB_OTG_EPActivate)
    USB_OTG_EPClearStall                     0x08004499   Thumb Code    80  usb_core.o(i.USB_OTG_EPClearStall)
    USB_OTG_EPDeactivate                     0x080044e9   Thumb Code    94  usb_core.o(i.USB_OTG_EPDeactivate)
    USB_OTG_EPSetStall                       0x08004547   Thumb Code   100  usb_core.o(i.USB_OTG_EPSetStall)
    USB_OTG_EPStartXfer                      0x080045ab   Thumb Code   502  usb_core.o(i.USB_OTG_EPStartXfer)
    USB_OTG_EnableDevInt                     0x080047d1   Thumb Code   152  usb_core.o(i.USB_OTG_EnableDevInt)
    USB_OTG_EnableGlobalInt                  0x08004869   Thumb Code    34  usb_core.o(i.USB_OTG_EnableGlobalInt)
    USB_OTG_FlushRxFifo                      0x0800488d   Thumb Code    70  usb_core.o(i.USB_OTG_FlushRxFifo)
    USB_OTG_FlushTxFifo                      0x080048d9   Thumb Code    80  usb_core.o(i.USB_OTG_FlushTxFifo)
    USB_OTG_GetDeviceSpeed                   0x0800492d   Thumb Code    52  usb_core.o(i.USB_OTG_GetDeviceSpeed)
    USB_OTG_GetMode                          0x08004961   Thumb Code    12  usb_core.o(i.USB_OTG_GetMode)
    USB_OTG_InitDevSpeed                     0x0800496d   Thumb Code    24  usb_core.o(i.USB_OTG_InitDevSpeed)
    USB_OTG_IsDeviceMode                     0x08004985   Thumb Code    22  usb_core.o(i.USB_OTG_IsDeviceMode)
    USB_OTG_ReadCoreItr                      0x0800499b   Thumb Code    16  usb_core.o(i.USB_OTG_ReadCoreItr)
    USB_OTG_ReadDevAllInEPItr                0x080049ab   Thumb Code    16  usb_core.o(i.USB_OTG_ReadDevAllInEPItr)
    USB_OTG_ReadDevAllOutEp_itr              0x080049bb   Thumb Code    16  usb_core.o(i.USB_OTG_ReadDevAllOutEp_itr)
    USB_OTG_ReadDevOutEP_itr                 0x080049cb   Thumb Code    20  usb_core.o(i.USB_OTG_ReadDevOutEP_itr)
    USB_OTG_ReadPacket                       0x080049df   Thumb Code    40  usb_core.o(i.USB_OTG_ReadPacket)
    USB_OTG_SelectCore                       0x08004a09   Thumb Code   204  usb_core.o(i.USB_OTG_SelectCore)
    USB_OTG_SetCurrentMode                   0x08004ad9   Thumb Code    78  usb_core.o(i.USB_OTG_SetCurrentMode)
    USB_OTG_UngateClock                      0x08004b27   Thumb Code    54  usb_core.o(i.USB_OTG_UngateClock)
    USB_OTG_WritePacket                      0x08004b5d   Thumb Code    64  usb_core.o(i.USB_OTG_WritePacket)
    UsageFault_Handler                       0x08004b9d   Thumb Code     4  stm32f4xx_it.o(i.UsageFault_Handler)
    VCP_DataTx                               0x08004c69   Thumb Code    54  usbd_cdc_vcp.o(i.VCP_DataTx)
    VCP_get_char                             0x08004cb1   Thumb Code    54  usbd_cdc_vcp.o(i.VCP_get_char)
    VCP_put_char                             0x08004cf5   Thumb Code    12  usbd_cdc_vcp.o(i.VCP_put_char)
    __ARM_fpclassify                         0x08004d01   Thumb Code    48  fpclassify.o(i.__ARM_fpclassify)
    _is_digit                                0x08004d31   Thumb Code    14  __printf_wp.o(i._is_digit)
    fputc                                    0x08004d3f   Thumb Code    16  main.o(i.fputc)
    main                                     0x08004d51   Thumb Code   520  main.o(i.main)
    _get_lc_numeric                          0x080052d5   Thumb Code    44  lc_numeric_c.o(locale$$code)
    _get_lc_ctype                            0x08005301   Thumb Code    44  lc_ctype_c.o(locale$$code)
    _fp_init                                 0x0800532d   Thumb Code    10  fpinit.o(x$fpl$fpinit)
    __fplib_config_fpu_vfp                   0x08005335   Thumb Code     0  fpinit.o(x$fpl$fpinit)
    __fplib_config_pureend_doubles           0x08005335   Thumb Code     0  fpinit.o(x$fpl$fpinit)
    _printf_fp_dec                           0x08005337   Thumb Code     4  printf1.o(x$fpl$printf1)
    _printf_fp_hex                           0x0800533b   Thumb Code     4  printf2.o(x$fpl$printf2)
    __I$use$fp                               0x0800533e   Number         0  usenofp.o(x$fpl$usenofp)
    GPIO_PIN                                 0x08005340   Data           8  stm32f4_discovery.o(.constdata)
    GPIO_CLK                                 0x08005348   Data          16  stm32f4_discovery.o(.constdata)
    BUTTON_PIN                               0x08005358   Data           2  stm32f4_discovery.o(.constdata)
    BUTTON_CLK                               0x0800535c   Data           4  stm32f4_discovery.o(.constdata)
    BUTTON_EXTI_LINE                         0x08005360   Data           2  stm32f4_discovery.o(.constdata)
    BUTTON_PORT_SOURCE                       0x08005362   Data           1  stm32f4_discovery.o(.constdata)
    BUTTON_PIN_SOURCE                        0x08005363   Data           1  stm32f4_discovery.o(.constdata)
    BUTTON_IRQn                              0x08005364   Data           1  stm32f4_discovery.o(.constdata)
    Region$$Table$$Base                      0x08005464   Number         0  anon$$obj.o(Region$$Table)
    Region$$Table$$Limit                     0x08005484   Number         0  anon$$obj.o(Region$$Table)
    __ctype                                  0x080054ad   Data           0  lc_ctype_c.o(locale$$data)
    CmdBuff                                  0x20000004   Data           8  usbd_cdc_core.o(.data)
    APP_Rx_ptr_in                            0x2000000c   Data           4  usbd_cdc_core.o(.data)
    APP_Rx_ptr_out                           0x20000010   Data           4  usbd_cdc_core.o(.data)
    APP_Rx_length                            0x20000014   Data           4  usbd_cdc_core.o(.data)
    USB_Tx_State                             0x20000018   Data           1  usbd_cdc_core.o(.data)
    USBD_CDC_cb                              0x20000024   Data          44  usbd_cdc_core.o(.data)
    usbd_cdc_CfgDesc                         0x20000050   Data          67  usbd_cdc_core.o(.data)
    USBD_DCD_INT_cb                          0x20000098   Data          44  usbd_core.o(.data)
    USBD_DCD_INT_fops                        0x200000c4   Data           4  usbd_core.o(.data)
    USBD_ep_status                           0x200000c8   Data           4  usbd_req.o(.data)
    USBD_default_cfg                         0x200000cc   Data           4  usbd_req.o(.data)
    USBD_cfg_status                          0x200000d0   Data           4  usbd_req.o(.data)
    linecoding                               0x200000d8   Data           8  usbd_cdc_vcp.o(.data)
    VCP_fops                                 0x200000e0   Data          20  usbd_cdc_vcp.o(.data)
    APP_tx_ptr_head                          0x200000f4   Data           4  usbd_cdc_vcp.o(.data)
    APP_tx_ptr_tail                          0x200000f8   Data           4  usbd_cdc_vcp.o(.data)
    USR_desc                                 0x200000fc   Data          28  usbd_desc.o(.data)
    USBD_DeviceDesc                          0x20000118   Data          18  usbd_desc.o(.data)
    USBD_DeviceQualifierDesc                 0x2000012a   Data          10  usbd_desc.o(.data)
    USBD_LangIDDesc                          0x20000134   Data           4  usbd_desc.o(.data)
    USR_cb                                   0x20000138   Data          28  usbd_usr.o(.data)
    GPIO_InitStructure                       0x20000154   Data           8  config.o(.data)
    gpio_2GE                                 0x2000015c   Data           8  config.o(.data)
    x                                        0x20000164   Data           4  main.o(.data)
    Len1                                     0x20000168   Data           4  main.o(.data)
    Len                                      0x2000016c   Data           4  main.o(.data)
    test_car                                 0x20000170   Data           1  main.o(.data)
    car                                      0x20000171   Data           1  main.o(.data)
    synchronisation                          0x20000172   Data           1  main.o(.data)
    lec_cr                                   0x20000174   Data           4  main.o(.data)
    position                                 0x20000178   Data           4  main.o(.data)
    buf                                      0x2000017c   Data           1  main.o(.data)
    test                                     0x2000017d   Data           7  main.o(.data)
    __stdout                                 0x20000184   Data           4  main.o(.data)
    GPIO_PORT                                0x20000188   Data          16  stm32f4_discovery.o(.data)
    BUTTON_PORT                              0x20000198   Data           4  stm32f4_discovery.o(.data)
    NVIC_InitStructure                       0x2000019c   Data           4  stm32f4_discovery.o(.data)
    usbd_cdc_OtherCfgDesc                    0x200001a0   Data          67  usbd_cdc_core.o(.bss)
    USB_Rx_Buffer                            0x200001e3   Data          64  usbd_cdc_core.o(.bss)
    APP_Rx_Buffer                            0x20000223   Data        2048  usbd_cdc_core.o(.bss)
    USBD_StrDesc                             0x20000a23   Data          50  usbd_req.o(.bss)
    USART_InitStructure                      0x20000a58   Data          16  usbd_cdc_vcp.o(.bss)
    APP_Tx_Buffer                            0x20000a68   Data         128  usbd_cdc_vcp.o(.bss)
    ADC_InitStructure                        0x20000ae8   Data          24  config.o(.bss)
    DAC_InitStructure                        0x20000b00   Data          16  config.o(.bss)
    USB_OTG_dev                              0x20000b10   Data        1520  config.o(.bss)
    __libspace_start                         0x20001100   Data          96  libspace.o(.bss)
    __temporary_stack_top$libspace           0x20001160   Data           0  libspace.o(.bss)



==============================================================================

Memory Map of the image

  Image Entry point : 0x08000189

  Load Region LR_IROM1 (Base: 0x08000000, Size: 0x00005750, Max: 0x00100000, ABSOLUTE, COMPRESSED[0x000056a0])

    Execution Region ER_IROM1 (Exec base: 0x08000000, Load base: 0x08000000, Size: 0x000055b0, Max: 0x00100000, ABSOLUTE)

    Exec Addr    Load Addr    Size         Type   Attr      Idx    E Section Name        Object

    0x08000000   0x08000000   0x00000188   Data   RO            3    RESET               startup_stm32f4xx.o
    0x08000188   0x08000188   0x00000008   Code   RO         2259  * !!!main             c_w.l(__main.o)
    0x08000190   0x08000190   0x00000034   Code   RO         2562    !!!scatter          c_w.l(__scatter.o)
    0x080001c4   0x080001c4   0x0000005a   Code   RO         2560    !!dczerorl2         c_w.l(__dczerorl2.o)
    0x0800021e   0x0800021e   0x00000002   PAD
    0x08000220   0x08000220   0x0000001c   Code   RO         2564    !!handler_zi        c_w.l(__scatter_zi.o)
    0x0800023c   0x0800023c   0x00000000   Code   RO         2254    .ARM.Collect$$_printf_percent$$00000000  c_w.l(_printf_percent.o)
    0x0800023c   0x0800023c   0x00000006   Code   RO         2312    .ARM.Collect$$_printf_percent$$00000001  c_w.l(_printf_n.o)
    0x08000242   0x08000242   0x00000006   Code   RO         2314    .ARM.Collect$$_printf_percent$$00000002  c_w.l(_printf_p.o)
    0x08000248   0x08000248   0x00000006   Code   RO         2318    .ARM.Collect$$_printf_percent$$00000003  c_w.l(_printf_f.o)
    0x0800024e   0x0800024e   0x00000006   Code   RO         2319    .ARM.Collect$$_printf_percent$$00000004  c_w.l(_printf_e.o)
    0x08000254   0x08000254   0x00000006   Code   RO         2320    .ARM.Collect$$_printf_percent$$00000005  c_w.l(_printf_g.o)
    0x0800025a   0x0800025a   0x00000006   Code   RO         2321    .ARM.Collect$$_printf_percent$$00000006  c_w.l(_printf_a.o)
    0x08000260   0x08000260   0x0000000a   Code   RO         2326    .ARM.Collect$$_printf_percent$$00000007  c_w.l(_printf_ll.o)
    0x0800026a   0x0800026a   0x00000006   Code   RO         2253    .ARM.Collect$$_printf_percent$$00000008  c_w.l(_printf_i.o)
    0x08000270   0x08000270   0x00000006   Code   RO         2316    .ARM.Collect$$_printf_percent$$00000009  c_w.l(_printf_d.o)
    0x08000276   0x08000276   0x00000006   Code   RO         2317    .ARM.Collect$$_printf_percent$$0000000A  c_w.l(_printf_u.o)
    0x0800027c   0x0800027c   0x00000006   Code   RO         2315    .ARM.Collect$$_printf_percent$$0000000B  c_w.l(_printf_o.o)
    0x08000282   0x08000282   0x00000006   Code   RO         2313    .ARM.Collect$$_printf_percent$$0000000C  c_w.l(_printf_x.o)
    0x08000288   0x08000288   0x00000006   Code   RO         2323    .ARM.Collect$$_printf_percent$$0000000D  c_w.l(_printf_lli.o)
    0x0800028e   0x0800028e   0x00000006   Code   RO         2324    .ARM.Collect$$_printf_percent$$0000000E  c_w.l(_printf_lld.o)
    0x08000294   0x08000294   0x00000006   Code   RO         2325    .ARM.Collect$$_printf_percent$$0000000F  c_w.l(_printf_llu.o)
    0x0800029a   0x0800029a   0x00000006   Code   RO         2330    .ARM.Collect$$_printf_percent$$00000010  c_w.l(_printf_llo.o)
    0x080002a0   0x080002a0   0x00000006   Code   RO         2331    .ARM.Collect$$_printf_percent$$00000011  c_w.l(_printf_llx.o)
    0x080002a6   0x080002a6   0x0000000a   Code   RO         2327    .ARM.Collect$$_printf_percent$$00000012  c_w.l(_printf_l.o)
    0x080002b0   0x080002b0   0x00000006   Code   RO         2310    .ARM.Collect$$_printf_percent$$00000013  c_w.l(_printf_c.o)
    0x080002b6   0x080002b6   0x00000006   Code   RO         2311    .ARM.Collect$$_printf_percent$$00000014  c_w.l(_printf_s.o)
    0x080002bc   0x080002bc   0x00000006   Code   RO         2328    .ARM.Collect$$_printf_percent$$00000015  c_w.l(_printf_lc.o)
    0x080002c2   0x080002c2   0x00000006   Code   RO         2329    .ARM.Collect$$_printf_percent$$00000016  c_w.l(_printf_ls.o)
    0x080002c8   0x080002c8   0x00000004   Code   RO         2322    .ARM.Collect$$_printf_percent$$00000017  c_w.l(_printf_percent_end.o)
    0x080002cc   0x080002cc   0x00000002   Code   RO         2420    .ARM.Collect$$libinit$$00000000  c_w.l(libinit.o)
    0x080002ce   0x080002ce   0x00000004   Code   RO         2436    .ARM.Collect$$libinit$$00000001  c_w.l(libinit2.o)
    0x080002d2   0x080002d2   0x00000000   Code   RO         2439    .ARM.Collect$$libinit$$00000004  c_w.l(libinit2.o)
    0x080002d2   0x080002d2   0x00000000   Code   RO         2442    .ARM.Collect$$libinit$$0000000A  c_w.l(libinit2.o)
    0x080002d2   0x080002d2   0x00000000   Code   RO         2444    .ARM.Collect$$libinit$$0000000C  c_w.l(libinit2.o)
    0x080002d2   0x080002d2   0x00000000   Code   RO         2446    .ARM.Collect$$libinit$$0000000E  c_w.l(libinit2.o)
    0x080002d2   0x080002d2   0x00000006   Code   RO         2447    .ARM.Collect$$libinit$$0000000F  c_w.l(libinit2.o)
    0x080002d8   0x080002d8   0x00000000   Code   RO         2449    .ARM.Collect$$libinit$$00000011  c_w.l(libinit2.o)
    0x080002d8   0x080002d8   0x0000000c   Code   RO         2450    .ARM.Collect$$libinit$$00000012  c_w.l(libinit2.o)
    0x080002e4   0x080002e4   0x00000000   Code   RO         2451    .ARM.Collect$$libinit$$00000013  c_w.l(libinit2.o)
    0x080002e4   0x080002e4   0x00000000   Code   RO         2453    .ARM.Collect$$libinit$$00000015  c_w.l(libinit2.o)
    0x080002e4   0x080002e4   0x0000000a   Code   RO         2454    .ARM.Collect$$libinit$$00000016  c_w.l(libinit2.o)
    0x080002ee   0x080002ee   0x00000000   Code   RO         2455    .ARM.Collect$$libinit$$00000017  c_w.l(libinit2.o)
    0x080002ee   0x080002ee   0x00000000   Code   RO         2457    .ARM.Collect$$libinit$$00000019  c_w.l(libinit2.o)
    0x080002ee   0x080002ee   0x00000000   Code   RO         2459    .ARM.Collect$$libinit$$0000001B  c_w.l(libinit2.o)
    0x080002ee   0x080002ee   0x00000000   Code   RO         2461    .ARM.Collect$$libinit$$0000001D  c_w.l(libinit2.o)
    0x080002ee   0x080002ee   0x00000000   Code   RO         2463    .ARM.Collect$$libinit$$0000001F  c_w.l(libinit2.o)
    0x080002ee   0x080002ee   0x00000000   Code   RO         2465    .ARM.Collect$$libinit$$00000021  c_w.l(libinit2.o)
    0x080002ee   0x080002ee   0x00000000   Code   RO         2467    .ARM.Collect$$libinit$$00000023  c_w.l(libinit2.o)
    0x080002ee   0x080002ee   0x00000000   Code   RO         2469    .ARM.Collect$$libinit$$00000025  c_w.l(libinit2.o)
    0x080002ee   0x080002ee   0x00000000   Code   RO         2473    .ARM.Collect$$libinit$$0000002C  c_w.l(libinit2.o)
    0x080002ee   0x080002ee   0x00000000   Code   RO         2475    .ARM.Collect$$libinit$$0000002E  c_w.l(libinit2.o)
    0x080002ee   0x080002ee   0x00000000   Code   RO         2477    .ARM.Collect$$libinit$$00000030  c_w.l(libinit2.o)
    0x080002ee   0x080002ee   0x00000000   Code   RO         2479    .ARM.Collect$$libinit$$00000032  c_w.l(libinit2.o)
    0x080002ee   0x080002ee   0x00000002   Code   RO         2480    .ARM.Collect$$libinit$$00000033  c_w.l(libinit2.o)
    0x080002f0   0x080002f0   0x00000002   Code   RO         2500    .ARM.Collect$$libshutdown$$00000000  c_w.l(libshutdown.o)
    0x080002f2   0x080002f2   0x00000000   Code   RO         2513    .ARM.Collect$$libshutdown$$00000002  c_w.l(libshutdown2.o)
    0x080002f2   0x080002f2   0x00000000   Code   RO         2515    .ARM.Collect$$libshutdown$$00000004  c_w.l(libshutdown2.o)
    0x080002f2   0x080002f2   0x00000000   Code   RO         2518    .ARM.Collect$$libshutdown$$00000007  c_w.l(libshutdown2.o)
    0x080002f2   0x080002f2   0x00000000   Code   RO         2521    .ARM.Collect$$libshutdown$$0000000A  c_w.l(libshutdown2.o)
    0x080002f2   0x080002f2   0x00000000   Code   RO         2523    .ARM.Collect$$libshutdown$$0000000C  c_w.l(libshutdown2.o)
    0x080002f2   0x080002f2   0x00000000   Code   RO         2526    .ARM.Collect$$libshutdown$$0000000F  c_w.l(libshutdown2.o)
    0x080002f2   0x080002f2   0x00000002   Code   RO         2527    .ARM.Collect$$libshutdown$$00000010  c_w.l(libshutdown2.o)
    0x080002f4   0x080002f4   0x00000000   Code   RO         2261    .ARM.Collect$$rtentry$$00000000  c_w.l(__rtentry.o)
    0x080002f4   0x080002f4   0x00000000   Code   RO         2341    .ARM.Collect$$rtentry$$00000002  c_w.l(__rtentry2.o)
    0x080002f4   0x080002f4   0x00000006   Code   RO         2353    .ARM.Collect$$rtentry$$00000004  c_w.l(__rtentry4.o)
    0x080002fa   0x080002fa   0x00000000   Code   RO         2343    .ARM.Collect$$rtentry$$00000009  c_w.l(__rtentry2.o)
    0x080002fa   0x080002fa   0x00000004   Code   RO         2344    .ARM.Collect$$rtentry$$0000000A  c_w.l(__rtentry2.o)
    0x080002fe   0x080002fe   0x00000000   Code   RO         2346    .ARM.Collect$$rtentry$$0000000C  c_w.l(__rtentry2.o)
    0x080002fe   0x080002fe   0x00000008   Code   RO         2347    .ARM.Collect$$rtentry$$0000000D  c_w.l(__rtentry2.o)
    0x08000306   0x08000306   0x00000002   Code   RO         2429    .ARM.Collect$$rtexit$$00000000  c_w.l(rtexit.o)
    0x08000308   0x08000308   0x00000000   Code   RO         2482    .ARM.Collect$$rtexit$$00000002  c_w.l(rtexit2.o)
    0x08000308   0x08000308   0x00000004   Code   RO         2483    .ARM.Collect$$rtexit$$00000003  c_w.l(rtexit2.o)
    0x0800030c   0x0800030c   0x00000006   Code   RO         2484    .ARM.Collect$$rtexit$$00000004  c_w.l(rtexit2.o)
    0x08000312   0x08000312   0x00000002   PAD
    0x08000314   0x08000314   0x00000050   Code   RO            4    .text               startup_stm32f4xx.o
    0x08000364   0x08000364   0x00000018   Code   RO         2219    .text               c_w.l(printf.o)
    0x0800037c   0x0800037c   0x00000018   Code   RO         2221    .text               c_w.l(__2printf.o)
    0x08000394   0x08000394   0x0000002c   Code   RO         2223    .text               c_w.l(__2sprintf.o)
    0x080003c0   0x080003c0   0x00000078   Code   RO         2231    .text               c_w.l(_printf_dec.o)
    0x08000438   0x08000438   0x00000188   Code   RO         2250    .text               c_w.l(__printf_flags_ss_wp.o)
    0x080005c0   0x080005c0   0x00000018   Code   RO         2255    .text               c_w.l(strcat.o)
    0x080005d8   0x080005d8   0x00000006   Code   RO         2257    .text               c_w.l(heapauxi.o)
    0x080005de   0x080005de   0x0000004e   Code   RO         2262    .text               c_w.l(_printf_pad.o)
    0x0800062c   0x0800062c   0x00000024   Code   RO         2264    .text               c_w.l(_printf_truncate.o)
    0x08000650   0x08000650   0x00000052   Code   RO         2266    .text               c_w.l(_printf_str.o)
    0x080006a2   0x080006a2   0x000000b2   Code   RO         2268    .text               c_w.l(_printf_intcommon.o)
    0x08000754   0x08000754   0x00000028   Code   RO         2270    .text               c_w.l(_printf_charcount.o)
    0x0800077c   0x0800077c   0x00000030   Code   RO         2272    .text               c_w.l(_printf_char_common.o)
    0x080007ac   0x080007ac   0x0000000a   Code   RO         2274    .text               c_w.l(_sputc.o)
    0x080007b6   0x080007b6   0x00000002   PAD
    0x080007b8   0x080007b8   0x00000024   Code   RO         2276    .text               c_w.l(_printf_char_file.o)
    0x080007dc   0x080007dc   0x000000bc   Code   RO         2278    .text               c_w.l(_printf_wctomb.o)
    0x08000898   0x08000898   0x0000007c   Code   RO         2281    .text               c_w.l(_printf_longlong_dec.o)
    0x08000914   0x08000914   0x00000070   Code   RO         2287    .text               c_w.l(_printf_oct_int_ll.o)
    0x08000984   0x08000984   0x00000094   Code   RO         2307    .text               c_w.l(_printf_hex_int_ll_ptr.o)
    0x08000a18   0x08000a18   0x0000008a   Code   RO         2355    .text               c_w.l(lludiv10.o)
    0x08000aa2   0x08000aa2   0x0000041e   Code   RO         2357    .text               c_w.l(_printf_fp_dec.o)
    0x08000ec0   0x08000ec0   0x000002fc   Code   RO         2359    .text               c_w.l(_printf_fp_hex.o)
    0x080011bc   0x080011bc   0x0000002c   Code   RO         2364    .text               c_w.l(_printf_char.o)
    0x080011e8   0x080011e8   0x0000002c   Code   RO         2366    .text               c_w.l(_printf_wchar.o)
    0x08001214   0x08001214   0x00000008   Code   RO         2368    .text               c_w.l(ferror.o)
    0x0800121c   0x0800121c   0x00000040   Code   RO         2372    .text               c_w.l(_wcrtomb.o)
    0x0800125c   0x0800125c   0x0000004a   Code   RO         2374    .text               c_w.l(sys_stackheap_outer.o)
    0x080012a6   0x080012a6   0x00000002   PAD
    0x080012a8   0x080012a8   0x00000010   Code   RO         2376    .text               c_w.l(rt_ctype_table.o)
    0x080012b8   0x080012b8   0x00000008   Code   RO         2381    .text               c_w.l(rt_locale_intlibspace.o)
    0x080012c0   0x080012c0   0x00000080   Code   RO         2383    .text               c_w.l(_printf_fp_infnan.o)
    0x08001340   0x08001340   0x000000e4   Code   RO         2385    .text               c_w.l(bigflt0.o)
    0x08001424   0x08001424   0x00000012   Code   RO         2413    .text               c_w.l(exit.o)
    0x08001436   0x08001436   0x00000002   PAD
    0x08001438   0x08001438   0x00000008   Code   RO         2426    .text               c_w.l(libspace.o)
    0x08001440   0x08001440   0x00000080   Code   RO         2434    .text               c_w.l(strcmpv7m.o)
    0x080014c0   0x080014c0   0x0000000c   Code   RO         2492    .text               c_w.l(sys_exit.o)
    0x080014cc   0x080014cc   0x00000002   Code   RO         2503    .text               c_w.l(use_no_semi.o)
    0x080014ce   0x080014ce   0x00000000   Code   RO         2505    .text               c_w.l(indicate_semi.o)
    0x080014ce   0x080014ce   0x0000003e   Code   RO         2388    CL$$btod_d2e        c_w.l(btod.o)
    0x0800150c   0x0800150c   0x00000046   Code   RO         2390    CL$$btod_d2e_denorm_low  c_w.l(btod.o)
    0x08001552   0x08001552   0x00000060   Code   RO         2389    CL$$btod_d2e_norm_op1  c_w.l(btod.o)
    0x080015b2   0x080015b2   0x00000338   Code   RO         2398    CL$$btod_div_common  c_w.l(btod.o)
    0x080018ea   0x080018ea   0x000000dc   Code   RO         2395    CL$$btod_e2e        c_w.l(btod.o)
    0x080019c6   0x080019c6   0x0000002a   Code   RO         2392    CL$$btod_ediv       c_w.l(btod.o)
    0x080019f0   0x080019f0   0x0000002a   Code   RO         2391    CL$$btod_emul       c_w.l(btod.o)
    0x08001a1a   0x08001a1a   0x00000244   Code   RO         2397    CL$$btod_mult_common  c_w.l(btod.o)
    0x08001c5e   0x08001c5e   0x00000016   Code   RO         1360    i.ADC_Cmd           stm32f4xx_adc.o
    0x08001c74   0x08001c74   0x00000060   Code   RO         1190    i.ADC_Config        config.o
    0x08001cd4   0x08001cd4   0x00000008   Code   RO         1372    i.ADC_GetConversionValue  stm32f4xx_adc.o
    0x08001cdc   0x08001cdc   0x00000012   Code   RO         1373    i.ADC_GetFlagStatus  stm32f4xx_adc.o
    0x08001cee   0x08001cee   0x00000002   PAD
    0x08001cf0   0x08001cf0   0x00000054   Code   RO         1380    i.ADC_Init          stm32f4xx_adc.o
    0x08001d44   0x08001d44   0x000000b8   Code   RO         1385    i.ADC_RegularChannelConfig  stm32f4xx_adc.o
    0x08001dfc   0x08001dfc   0x0000000a   Code   RO         1387    i.ADC_SoftwareStartConv  stm32f4xx_adc.o
    0x08001e06   0x08001e06   0x00000004   Code   RO          147    i.BusFault_Handler  stm32f4xx_it.o
    0x08001e0a   0x08001e0a   0x0000004a   Code   RO          273    i.DCD_EP_Close      usb_dcd.o
    0x08001e54   0x08001e54   0x00000048   Code   RO          274    i.DCD_EP_ClrStall   usb_dcd.o
    0x08001e9c   0x08001e9c   0x00000068   Code   RO          276    i.DCD_EP_Open       usb_dcd.o
    0x08001f04   0x08001f04   0x00000052   Code   RO          277    i.DCD_EP_PrepareRx  usb_dcd.o
    0x08001f56   0x08001f56   0x0000001c   Code   RO          278    i.DCD_EP_SetAddress  usb_dcd.o
    0x08001f72   0x08001f72   0x00000048   Code   RO          279    i.DCD_EP_Stall      usb_dcd.o
    0x08001fba   0x08001fba   0x0000004e   Code   RO          280    i.DCD_EP_Tx         usb_dcd.o
    0x08002008   0x08002008   0x00000066   Code   RO          362    i.DCD_HandleEnumDone_ISR  usb_dcd_int.o
    0x0800206e   0x0800206e   0x00000002   PAD
    0x08002070   0x08002070   0x00000188   Code   RO          363    i.DCD_HandleInEP_ISR  usb_dcd_int.o
    0x080021f8   0x080021f8   0x00000124   Code   RO          364    i.DCD_HandleOutEP_ISR  usb_dcd_int.o
    0x0800231c   0x0800231c   0x00000068   Code   RO          365    i.DCD_HandleResume_ISR  usb_dcd_int.o
    0x08002384   0x08002384   0x000000b0   Code   RO          366    i.DCD_HandleRxStatusQueueLevel_ISR  usb_dcd_int.o
    0x08002434   0x08002434   0x0000002c   Code   RO          367    i.DCD_HandleSof_ISR  usb_dcd_int.o
    0x08002460   0x08002460   0x00000088   Code   RO          368    i.DCD_HandleUSBSuspend_ISR  usb_dcd_int.o
    0x080024e8   0x080024e8   0x00000120   Code   RO          369    i.DCD_HandleUsbReset_ISR  usb_dcd_int.o
    0x08002608   0x08002608   0x0000009c   Code   RO          282    i.DCD_Init          usb_dcd.o
    0x080026a4   0x080026a4   0x0000002c   Code   RO          370    i.DCD_IsoINIncomplete_ISR  usb_dcd_int.o
    0x080026d0   0x080026d0   0x0000002c   Code   RO          371    i.DCD_IsoOUTIncomplete_ISR  usb_dcd_int.o
    0x080026fc   0x080026fc   0x00000028   Code   RO          372    i.DCD_ReadDevInEP   usb_dcd_int.o
    0x08002724   0x08002724   0x00000090   Code   RO          373    i.DCD_WriteEmptyTxFifo  usb_dcd_int.o
    0x080027b4   0x080027b4   0x00000002   Code   RO          148    i.DebugMon_Handler  stm32f4xx_it.o
    0x080027b6   0x080027b6   0x0000000a   Code   RO          149    i.EXTI0_IRQHandler  stm32f4xx_it.o
    0x080027c0   0x080027c0   0x0000000c   Code   RO         1705    i.EXTI_ClearITPendingBit  stm32f4xx_exti.o
    0x080027cc   0x080027cc   0x00000094   Code   RO         1710    i.EXTI_Init         stm32f4xx_exti.o
    0x08002860   0x08002860   0x0000002c   Code   RO         1239    i.GPIO_AInit        main.o
    0x0800288c   0x0800288c   0x00000090   Code   RO         1763    i.GPIO_Init         stm32f4xx_gpio.o
    0x0800291c   0x0800291c   0x00000046   Code   RO         1764    i.GPIO_PinAFConfig  stm32f4xx_gpio.o
    0x08002962   0x08002962   0x00000004   Code   RO         1771    i.GPIO_SetBits      stm32f4xx_gpio.o
    0x08002966   0x08002966   0x00000008   Code   RO         1773    i.GPIO_ToggleBits   stm32f4xx_gpio.o
    0x0800296e   0x0800296e   0x00000002   PAD
    0x08002970   0x08002970   0x000000e8   Code   RO          442    i.Handle_USBAsynchXfer  usbd_cdc_core.o
    0x08002a58   0x08002a58   0x00000004   Code   RO          150    i.HardFault_Handler  stm32f4xx_it.o
    0x08002a5c   0x08002a5c   0x00000024   Code   RO         1192    i.LED_Config        config.o
    0x08002a80   0x08002a80   0x00000004   Code   RO          151    i.MemManage_Handler  stm32f4xx_it.o
    0x08002a84   0x08002a84   0x00000002   Code   RO          152    i.NMI_Handler       stm32f4xx_it.o
    0x08002a86   0x08002a86   0x00000002   PAD
    0x08002a88   0x08002a88   0x00000078   Code   RO         2178    i.NVIC_Init         misc.o
    0x08002b00   0x08002b00   0x00000010   Code   RO          153    i.OTG_FS_IRQHandler  stm32f4xx_it.o
    0x08002b10   0x08002b10   0x00000030   Code   RO          154    i.OTG_FS_WKUP_IRQHandler  stm32f4xx_it.o
    0x08002b40   0x08002b40   0x00000002   Code   RO          155    i.PendSV_Handler    stm32f4xx_it.o
    0x08002b42   0x08002b42   0x00000002   PAD
    0x08002b44   0x08002b44   0x00000020   Code   RO         1856    i.RCC_AHB1PeriphClockCmd  stm32f4xx_rcc.o
    0x08002b64   0x08002b64   0x00000020   Code   RO         1859    i.RCC_AHB2PeriphClockCmd  stm32f4xx_rcc.o
    0x08002b84   0x08002b84   0x00000020   Code   RO         1865    i.RCC_APB1PeriphClockCmd  stm32f4xx_rcc.o
    0x08002ba4   0x08002ba4   0x00000020   Code   RO         1867    i.RCC_APB1PeriphResetCmd  stm32f4xx_rcc.o
    0x08002bc4   0x08002bc4   0x00000020   Code   RO         1868    i.RCC_APB2PeriphClockCmd  stm32f4xx_rcc.o
    0x08002be4   0x08002be4   0x0000002c   Code   RO         1193    i.RCC_Config        config.o
    0x08002c10   0x08002c10   0x0000004c   Code   RO         1304    i.STM32F4_Discovery_LEDInit  stm32f4_discovery.o
    0x08002c5c   0x08002c5c   0x00000018   Code   RO         1305    i.STM32F4_Discovery_LEDOff  stm32f4_discovery.o
    0x08002c74   0x08002c74   0x00000018   Code   RO         1306    i.STM32F4_Discovery_LEDOn  stm32f4_discovery.o
    0x08002c8c   0x08002c8c   0x000000a8   Code   RO         1309    i.STM32F4_Discovery_PBInit  stm32f4_discovery.o
    0x08002d34   0x08002d34   0x00000002   Code   RO          156    i.SVC_Handler       stm32f4xx_it.o
    0x08002d36   0x08002d36   0x00000002   PAD
    0x08002d38   0x08002d38   0x00000040   Code   RO         2135    i.SYSCFG_EXTILineConfig  stm32f4xx_syscfg.o
    0x08002d78   0x08002d78   0x000000ec   Code   RO           11    i.SetSysClock       system_stm32f4xx.o
    0x08002e64   0x08002e64   0x00000002   Code   RO          157    i.SysTick_Handler   stm32f4xx_it.o
    0x08002e66   0x08002e66   0x00000002   PAD
    0x08002e68   0x08002e68   0x0000005c   Code   RO           13    i.SystemInit        system_stm32f4xx.o
    0x08002ec4   0x08002ec4   0x00000038   Code   RO         1240    i.TIM2_Init         main.o
    0x08002efc   0x08002efc   0x00000058   Code   RO         1241    i.TIM4_ms_Delay     main.o
    0x08002f54   0x08002f54   0x00000016   Code   RO          512    i.USBD_ClrCfg       usbd_core.o
    0x08002f6a   0x08002f6a   0x00000048   Code   RO          649    i.USBD_ClrFeature   usbd_req.o
    0x08002fb2   0x08002fb2   0x0000001e   Code   RO          597    i.USBD_CtlContinueRx  usbd_ioreq.o
    0x08002fd0   0x08002fd0   0x0000001e   Code   RO          598    i.USBD_CtlContinueSendData  usbd_ioreq.o
    0x08002fee   0x08002fee   0x00000038   Code   RO          650    i.USBD_CtlError     usbd_req.o
    0x08003026   0x08003026   0x0000002e   Code   RO          599    i.USBD_CtlPrepareRx  usbd_ioreq.o
    0x08003054   0x08003054   0x00000024   Code   RO          600    i.USBD_CtlReceiveStatus  usbd_ioreq.o
    0x08003078   0x08003078   0x0000002e   Code   RO          601    i.USBD_CtlSendData  usbd_ioreq.o
    0x080030a6   0x080030a6   0x00000024   Code   RO          602    i.USBD_CtlSendStatus  usbd_ioreq.o
    0x080030ca   0x080030ca   0x000000b8   Code   RO          513    i.USBD_DataInStage  usbd_core.o
    0x08003182   0x08003182   0x00000096   Code   RO          514    i.USBD_DataOutStage  usbd_core.o
    0x08003218   0x08003218   0x00000006   Code   RO          515    i.USBD_DeInit       usbd_core.o
    0x0800321e   0x0800321e   0x00000002   PAD
    0x08003220   0x08003220   0x00000054   Code   RO          651    i.USBD_GetConfig    usbd_req.o
    0x08003274   0x08003274   0x00000122   Code   RO          652    i.USBD_GetDescriptor  usbd_req.o
    0x08003396   0x08003396   0x00000014   Code   RO          653    i.USBD_GetLen       usbd_req.o
    0x080033aa   0x080033aa   0x00000002   PAD
    0x080033ac   0x080033ac   0x0000004c   Code   RO          654    i.USBD_GetStatus    usbd_req.o
    0x080033f8   0x080033f8   0x00000052   Code   RO          655    i.USBD_GetString    usbd_req.o
    0x0800344a   0x0800344a   0x00000042   Code   RO          516    i.USBD_Init         usbd_core.o
    0x0800348c   0x0800348c   0x00000012   Code   RO          517    i.USBD_IsoINIncomplete  usbd_core.o
    0x0800349e   0x0800349e   0x00000012   Code   RO          518    i.USBD_IsoOUTIncomplete  usbd_core.o
    0x080034b0   0x080034b0   0x000000e0   Code   RO          374    i.USBD_OTG_ISR_Handler  usb_dcd_int.o
    0x08003590   0x08003590   0x00000048   Code   RO          656    i.USBD_ParseSetupRequest  usbd_req.o
    0x080035d8   0x080035d8   0x00000032   Code   RO          519    i.USBD_Reset        usbd_core.o
    0x0800360a   0x0800360a   0x00000018   Code   RO          520    i.USBD_Resume       usbd_core.o
    0x08003622   0x08003622   0x0000001a   Code   RO          521    i.USBD_SOF          usbd_core.o
    0x0800363c   0x0800363c   0x0000005c   Code   RO          657    i.USBD_SetAddress   usbd_req.o
    0x08003698   0x08003698   0x0000001e   Code   RO          522    i.USBD_SetCfg       usbd_core.o
    0x080036b6   0x080036b6   0x00000002   PAD
    0x080036b8   0x080036b8   0x000000d0   Code   RO          658    i.USBD_SetConfig    usbd_req.o
    0x08003788   0x08003788   0x00000098   Code   RO          659    i.USBD_SetFeature   usbd_req.o
    0x08003820   0x08003820   0x00000054   Code   RO          523    i.USBD_SetupStage   usbd_core.o
    0x08003874   0x08003874   0x00000072   Code   RO          660    i.USBD_StdDevReq    usbd_req.o
    0x080038e6   0x080038e6   0x00000002   PAD
    0x080038e8   0x080038e8   0x0000015c   Code   RO          661    i.USBD_StdEPReq     usbd_req.o
    0x08003a44   0x08003a44   0x0000004c   Code   RO          662    i.USBD_StdItfReq    usbd_req.o
    0x08003a90   0x08003a90   0x00000018   Code   RO          524    i.USBD_Suspend      usbd_core.o
    0x08003aa8   0x08003aa8   0x00000034   Code   RO          860    i.USBD_USR_ConfigStrDescriptor  usbd_desc.o
    0x08003adc   0x08003adc   0x0000000a   Code   RO          919    i.USBD_USR_DeviceConfigured  usbd_usr.o
    0x08003ae6   0x08003ae6   0x00000002   PAD
    0x08003ae8   0x08003ae8   0x00000010   Code   RO          861    i.USBD_USR_DeviceDescriptor  usbd_desc.o
    0x08003af8   0x08003af8   0x00000002   Code   RO          920    i.USBD_USR_DeviceReset  usbd_usr.o
    0x08003afa   0x08003afa   0x0000000a   Code   RO          921    i.USBD_USR_DeviceResumed  usbd_usr.o
    0x08003b04   0x08003b04   0x0000000a   Code   RO          922    i.USBD_USR_DeviceSuspended  usbd_usr.o
    0x08003b0e   0x08003b0e   0x0000000a   Code   RO          923    i.USBD_USR_Init     usbd_usr.o
    0x08003b18   0x08003b18   0x00000038   Code   RO          862    i.USBD_USR_InterfaceStrDescriptor  usbd_desc.o
    0x08003b50   0x08003b50   0x00000010   Code   RO          863    i.USBD_USR_LangIDStrDescriptor  usbd_desc.o
    0x08003b60   0x08003b60   0x0000002c   Code   RO          864    i.USBD_USR_ManufacturerStrDescriptor  usbd_desc.o
    0x08003b8c   0x08003b8c   0x00000070   Code   RO          865    i.USBD_USR_ProductStrDescriptor  usbd_desc.o
    0x08003bfc   0x08003bfc   0x00000048   Code   RO          866    i.USBD_USR_SerialStrDescriptor  usbd_desc.o
    0x08003c44   0x08003c44   0x00000010   Code   RO          443    i.USBD_cdc_GetCfgDesc  usbd_cdc_core.o
    0x08003c54   0x08003c54   0x00000024   Code   RO         1194    i.USB_Config        config.o
    0x08003c78   0x08003c78   0x00000024   Code   RO          743    i.USB_OTG_BSP_EnableInterrupt  usb_bsp.o
    0x08003c9c   0x08003c9c   0x000000a4   Code   RO          744    i.USB_OTG_BSP_Init  usb_bsp.o
    0x08003d40   0x08003d40   0x00000012   Code   RO          745    i.USB_OTG_BSP_mDelay  usb_bsp.o
    0x08003d52   0x08003d52   0x0000001e   Code   RO          746    i.USB_OTG_BSP_uDelay  usb_bsp.o
    0x08003d70   0x08003d70   0x000001ce   Code   RO          967    i.USB_OTG_CoreInit  usb_core.o
    0x08003f3e   0x08003f3e   0x0000020e   Code   RO          968    i.USB_OTG_CoreInitDev  usb_core.o
    0x0800414c   0x0800414c   0x00000070   Code   RO          969    i.USB_OTG_CoreReset  usb_core.o
    0x080041bc   0x080041bc   0x00000022   Code   RO          970    i.USB_OTG_DisableGlobalInt  usb_core.o
    0x080041de   0x080041de   0x0000006a   Code   RO          971    i.USB_OTG_EP0Activate  usb_core.o
    0x08004248   0x08004248   0x00000156   Code   RO          972    i.USB_OTG_EP0StartXfer  usb_core.o
    0x0800439e   0x0800439e   0x00000062   Code   RO          973    i.USB_OTG_EP0_OutStart  usb_core.o
    0x08004400   0x08004400   0x00000098   Code   RO          974    i.USB_OTG_EPActivate  usb_core.o
    0x08004498   0x08004498   0x00000050   Code   RO          975    i.USB_OTG_EPClearStall  usb_core.o
    0x080044e8   0x080044e8   0x0000005e   Code   RO          976    i.USB_OTG_EPDeactivate  usb_core.o
    0x08004546   0x08004546   0x00000064   Code   RO          977    i.USB_OTG_EPSetStall  usb_core.o
    0x080045aa   0x080045aa   0x000001f6   Code   RO          978    i.USB_OTG_EPStartXfer  usb_core.o
    0x080047a0   0x080047a0   0x00000030   Code   RO          979    i.USB_OTG_EnableCommonInt  usb_core.o
    0x080047d0   0x080047d0   0x00000098   Code   RO          980    i.USB_OTG_EnableDevInt  usb_core.o
    0x08004868   0x08004868   0x00000022   Code   RO          981    i.USB_OTG_EnableGlobalInt  usb_core.o
    0x0800488a   0x0800488a   0x00000002   PAD
    0x0800488c   0x0800488c   0x0000004c   Code   RO          982    i.USB_OTG_FlushRxFifo  usb_core.o
    0x080048d8   0x080048d8   0x00000054   Code   RO          983    i.USB_OTG_FlushTxFifo  usb_core.o
    0x0800492c   0x0800492c   0x00000034   Code   RO          984    i.USB_OTG_GetDeviceSpeed  usb_core.o
    0x08004960   0x08004960   0x0000000c   Code   RO          986    i.USB_OTG_GetMode   usb_core.o
    0x0800496c   0x0800496c   0x00000018   Code   RO          987    i.USB_OTG_InitDevSpeed  usb_core.o
    0x08004984   0x08004984   0x00000016   Code   RO          988    i.USB_OTG_IsDeviceMode  usb_core.o
    0x0800499a   0x0800499a   0x00000010   Code   RO          990    i.USB_OTG_ReadCoreItr  usb_core.o
    0x080049aa   0x080049aa   0x00000010   Code   RO          991    i.USB_OTG_ReadDevAllInEPItr  usb_core.o
    0x080049ba   0x080049ba   0x00000010   Code   RO          992    i.USB_OTG_ReadDevAllOutEp_itr  usb_core.o
    0x080049ca   0x080049ca   0x00000014   Code   RO          993    i.USB_OTG_ReadDevOutEP_itr  usb_core.o
    0x080049de   0x080049de   0x00000028   Code   RO          995    i.USB_OTG_ReadPacket  usb_core.o
    0x08004a06   0x08004a06   0x00000002   PAD
    0x08004a08   0x08004a08   0x000000d0   Code   RO          996    i.USB_OTG_SelectCore  usb_core.o
    0x08004ad8   0x08004ad8   0x0000004e   Code   RO          997    i.USB_OTG_SetCurrentMode  usb_core.o
    0x08004b26   0x08004b26   0x00000036   Code   RO         1000    i.USB_OTG_UngateClock  usb_core.o
    0x08004b5c   0x08004b5c   0x00000040   Code   RO         1001    i.USB_OTG_WritePacket  usb_core.o
    0x08004b9c   0x08004b9c   0x00000004   Code   RO          158    i.UsageFault_Handler  stm32f4xx_it.o
    0x08004ba0   0x08004ba0   0x00000078   Code   RO          778    i.VCP_Ctrl          usbd_cdc_vcp.o
    0x08004c18   0x08004c18   0x00000050   Code   RO          779    i.VCP_DataRx        usbd_cdc_vcp.o
    0x08004c68   0x08004c68   0x00000040   Code   RO          780    i.VCP_DataTx        usbd_cdc_vcp.o
    0x08004ca8   0x08004ca8   0x00000004   Code   RO          781    i.VCP_DeInit        usbd_cdc_vcp.o
    0x08004cac   0x08004cac   0x00000004   Code   RO          782    i.VCP_Init          usbd_cdc_vcp.o
    0x08004cb0   0x08004cb0   0x00000044   Code   RO          783    i.VCP_get_char      usbd_cdc_vcp.o
    0x08004cf4   0x08004cf4   0x0000000c   Code   RO          785    i.VCP_put_char      usbd_cdc_vcp.o
    0x08004d00   0x08004d00   0x00000030   Code   RO         2424    i.__ARM_fpclassify  m_wm.l(fpclassify.o)
    0x08004d30   0x08004d30   0x0000000e   Code   RO         2243    i._is_digit         c_w.l(__printf_wp.o)
    0x08004d3e   0x08004d3e   0x00000010   Code   RO         1242    i.fputc             main.o
    0x08004d4e   0x08004d4e   0x00000002   PAD
    0x08004d50   0x08004d50   0x000002c0   Code   RO         1243    i.main              main.o
    0x08005010   0x08005010   0x000000a8   Code   RO          444    i.usbd_cdc_DataIn   usbd_cdc_core.o
    0x080050b8   0x080050b8   0x00000040   Code   RO          445    i.usbd_cdc_DataOut  usbd_cdc_core.o
    0x080050f8   0x080050f8   0x0000002c   Code   RO          446    i.usbd_cdc_DeInit   usbd_cdc_core.o
    0x08005124   0x08005124   0x00000038   Code   RO          447    i.usbd_cdc_EP0_RxReady  usbd_cdc_core.o
    0x0800515c   0x0800515c   0x00000068   Code   RO          448    i.usbd_cdc_Init     usbd_cdc_core.o
    0x080051c4   0x080051c4   0x00000028   Code   RO          449    i.usbd_cdc_SOF      usbd_cdc_core.o
    0x080051ec   0x080051ec   0x000000e8   Code   RO          450    i.usbd_cdc_Setup    usbd_cdc_core.o
    0x080052d4   0x080052d4   0x0000002c   Code   RO         2411    locale$$code        c_w.l(lc_numeric_c.o)
    0x08005300   0x08005300   0x0000002c   Code   RO         2432    locale$$code        c_w.l(lc_ctype_c.o)
    0x0800532c   0x0800532c   0x0000000a   Code   RO         2490    x$fpl$fpinit        fz_wm.l(fpinit.o)
    0x08005336   0x08005336   0x00000004   Code   RO         2332    x$fpl$printf1       fz_wm.l(printf1.o)
    0x0800533a   0x0800533a   0x00000004   Code   RO         2334    x$fpl$printf2       fz_wm.l(printf2.o)
    0x0800533e   0x0800533e   0x00000000   Code   RO         2423    x$fpl$usenofp       fz_wm.l(usenofp.o)
    0x0800533e   0x0800533e   0x00000002   PAD
    0x08005340   0x08005340   0x00000025   Data   RO         1310    .constdata          stm32f4_discovery.o
    0x08005365   0x08005365   0x00000011   Data   RO         2251    .constdata          c_w.l(__printf_flags_ss_wp.o)
    0x08005376   0x08005376   0x00000002   PAD
    0x08005378   0x08005378   0x00000008   Data   RO         2279    .constdata          c_w.l(_printf_wctomb.o)
    0x08005380   0x08005380   0x00000028   Data   RO         2308    .constdata          c_w.l(_printf_hex_int_ll_ptr.o)
    0x080053a8   0x080053a8   0x00000026   Data   RO         2360    .constdata          c_w.l(_printf_fp_hex.o)
    0x080053ce   0x080053ce   0x00000002   PAD
    0x080053d0   0x080053d0   0x00000094   Data   RO         2386    .constdata          c_w.l(bigflt0.o)
    0x08005464   0x08005464   0x00000020   Data   RO         2558    Region$$Table       anon$$obj.o
    0x08005484   0x08005484   0x0000001c   Data   RO         2410    locale$$data        c_w.l(lc_numeric_c.o)
    0x080054a0   0x080054a0   0x00000110   Data   RO         2431    locale$$data        c_w.l(lc_ctype_c.o)


    Execution Region RW_IRAM1 (Exec base: 0x20000000, Load base: 0x080055b0, Size: 0x00001760, Max: 0x00020000, ABSOLUTE, COMPRESSED[0x000000f0])

    Exec Addr    Load Addr    Size         Type   Attr      Idx    E Section Name        Object

    0x20000000   COMPRESSED   0x00000098   Data   RW          452    .data               usbd_cdc_core.o
    0x20000098   COMPRESSED   0x00000030   Data   RW          525    .data               usbd_core.o
    0x200000c8   COMPRESSED   0x0000000d   Data   RW          664    .data               usbd_req.o
    0x200000d5   COMPRESSED   0x00000003   PAD
    0x200000d8   COMPRESSED   0x00000024   Data   RW          789    .data               usbd_cdc_vcp.o
    0x200000fc   COMPRESSED   0x0000003c   Data   RW          867    .data               usbd_desc.o
    0x20000138   COMPRESSED   0x0000001c   Data   RW          924    .data               usbd_usr.o
    0x20000154   COMPRESSED   0x00000010   Data   RW         1196    .data               config.o
    0x20000164   COMPRESSED   0x00000024   Data   RW         1245    .data               main.o
    0x20000188   COMPRESSED   0x00000018   Data   RW         1311    .data               stm32f4_discovery.o
    0x200001a0        -       0x00000883   Zero   RW          451    .bss                usbd_cdc_core.o
    0x20000a23        -       0x00000032   Zero   RW          663    .bss                usbd_req.o
    0x20000a55   COMPRESSED   0x00000003   PAD
    0x20000a58        -       0x00000090   Zero   RW          788    .bss                usbd_cdc_vcp.o
    0x20000ae8        -       0x00000618   Zero   RW         1195    .bss                config.o
    0x20001100        -       0x00000060   Zero   RW         2427    .bss                c_w.l(libspace.o)
    0x20001160        -       0x00000200   Zero   RW            2    HEAP                startup_stm32f4xx.o
    0x20001360        -       0x00000400   Zero   RW            1    STACK               startup_stm32f4xx.o


==============================================================================

Image component sizes


      Code (inc. data)   RO Data    RW Data    ZI Data      Debug   Object Name

       212         34          0         16       1560       2330   config.o
       908        206          0         36          0       6176   main.o
       120         14          0          0          0       1148   misc.o
        80         32        392          0       1536        872   startup_stm32f4xx.o
       292         58         37         24          0       3653   stm32f4_discovery.o
       326         10          0          0          0       5413   stm32f4xx_adc.o
       160         12          0          0          0       1701   stm32f4xx_exti.o
       226          0          0          0          0       3196   stm32f4xx_gpio.o
       100         14          0          0          0      26828   stm32f4xx_it.o
       160         30          0          0          0       3245   stm32f4xx_rcc.o
        64          4          0          0          0        712   stm32f4xx_syscfg.o
       328         34          0          0          0     248773   system_stm32f4xx.o
       248          4          0          0          0       2743   usb_bsp.o
      3624         18          0          0          0      21410   usb_core.o
       666          0          0          0          0       5804   usb_dcd.o
      2030         48          0          0          0       9219   usb_dcd_int.o
       956        116          0        152       2179       8388   usbd_cdc_core.o
       352         40          0         36        144       5502   usbd_cdc_vcp.o
       702          0          0         48          0       9298   usbd_core.o
       368        192          0         60          0       5744   usbd_desc.o
       224          0          0          0          0       4264   usbd_ioreq.o
      1742         48          0         13         50       9983   usbd_req.o
        42          0          0         28          0       2720   usbd_usr.o

    ----------------------------------------------------------------------
     13960        914        461        416       5472     389122   Object Totals
         0          0         32          0          0          0   (incl. Generated)
        30          0          0          3          3          0   (incl. Padding)

    ----------------------------------------------------------------------

      Code (inc. data)   RO Data    RW Data    ZI Data      Debug   Library Member Name

        24          4          0          0          0         84   __2printf.o
        44          6          0          0          0         84   __2sprintf.o
        90          0          0          0          0          0   __dczerorl2.o
         8          0          0          0          0         68   __main.o
       392          4         17          0          0         92   __printf_flags_ss_wp.o
        14          0          0          0          0         68   __printf_wp.o
         0          0          0          0          0          0   __rtentry.o
        12          0          0          0          0          0   __rtentry2.o
         6          0          0          0          0          0   __rtentry4.o
        52          8          0          0          0          0   __scatter.o
        28          0          0          0          0          0   __scatter_zi.o
         6          0          0          0          0          0   _printf_a.o
         6          0          0          0          0          0   _printf_c.o
        44          0          0          0          0        108   _printf_char.o
        48          6          0          0          0         96   _printf_char_common.o
        36          4          0          0          0         80   _printf_char_file.o
        40          0          0          0          0         68   _printf_charcount.o
         6          0          0          0          0          0   _printf_d.o
       120         16          0          0          0         92   _printf_dec.o
         6          0          0          0          0          0   _printf_e.o
         6          0          0          0          0          0   _printf_f.o
      1054          0          0          0          0        216   _printf_fp_dec.o
       764          8         38          0          0        100   _printf_fp_hex.o
       128         16          0          0          0         84   _printf_fp_infnan.o
         6          0          0          0          0          0   _printf_g.o
       148          4         40          0          0        160   _printf_hex_int_ll_ptr.o
         6          0          0          0          0          0   _printf_i.o
       178          0          0          0          0         88   _printf_intcommon.o
        10          0          0          0          0          0   _printf_l.o
         6          0          0          0          0          0   _printf_lc.o
        10          0          0          0          0          0   _printf_ll.o
         6          0          0          0          0          0   _printf_lld.o
         6          0          0          0          0          0   _printf_lli.o
         6          0          0          0          0          0   _printf_llo.o
         6          0          0          0          0          0   _printf_llu.o
         6          0          0          0          0          0   _printf_llx.o
       124         16          0          0          0         92   _printf_longlong_dec.o
         6          0          0          0          0          0   _printf_ls.o
         6          0          0          0          0          0   _printf_n.o
         6          0          0          0          0          0   _printf_o.o
       112         10          0          0          0        124   _printf_oct_int_ll.o
         6          0          0          0          0          0   _printf_p.o
        78          0          0          0          0        108   _printf_pad.o
         0          0          0          0          0          0   _printf_percent.o
         4          0          0          0          0          0   _printf_percent_end.o
         6          0          0          0          0          0   _printf_s.o
        82          0          0          0          0         80   _printf_str.o
        36          0          0          0          0         84   _printf_truncate.o
         6          0          0          0          0          0   _printf_u.o
        44          0          0          0          0        108   _printf_wchar.o
       188          6          8          0          0         92   _printf_wctomb.o
         6          0          0          0          0          0   _printf_x.o
        10          0          0          0          0         68   _sputc.o
        64          0          0          0          0         92   _wcrtomb.o
       228          4        148          0          0         96   bigflt0.o
      1936        128          0          0          0        672   btod.o
        18          0          0          0          0         80   exit.o
         8          0          0          0          0         68   ferror.o
         6          0          0          0          0        152   heapauxi.o
         0          0          0          0          0          0   indicate_semi.o
        44         10        272          0          0         76   lc_ctype_c.o
        44         10         28          0          0         76   lc_numeric_c.o
         2          0          0          0          0          0   libinit.o
        34          0          0          0          0          0   libinit2.o
         2          0          0          0          0          0   libshutdown.o
         2          0          0          0          0          0   libshutdown2.o
         8          4          0          0         96         68   libspace.o
       138          0          0          0          0         80   lludiv10.o
        24          4          0          0          0         84   printf.o
        16          4          0          0          0         76   rt_ctype_table.o
         8          4          0          0          0         68   rt_locale_intlibspace.o
         2          0          0          0          0          0   rtexit.o
        10          0          0          0          0          0   rtexit2.o
        24          0          0          0          0         68   strcat.o
       128          0          0          0          0         68   strcmpv7m.o
        12          4          0          0          0         68   sys_exit.o
        74          0          0          0          0         80   sys_stackheap_outer.o
         2          0          0          0          0         68   use_no_semi.o
        10          0          0          0          0        116   fpinit.o
         4          0          0          0          0        116   printf1.o
         4          0          0          0          0        116   printf2.o
         0          0          0          0          0          0   usenofp.o
        48          0          0          0          0        124   fpclassify.o

    ----------------------------------------------------------------------
      6960        280        555          0         96       4756   Library Totals
        12          0          4          0          0          0   (incl. Padding)

    ----------------------------------------------------------------------

      Code (inc. data)   RO Data    RW Data    ZI Data      Debug   Library Name

      6882        280        551          0         96       4284   c_w.l
        18          0          0          0          0        348   fz_wm.l
        48          0          0          0          0        124   m_wm.l

    ----------------------------------------------------------------------
      6960        280        555          0         96       4756   Library Totals

    ----------------------------------------------------------------------

==============================================================================


      Code (inc. data)   RO Data    RW Data    ZI Data      Debug   

     20920       1194       1016        416       5568     375638   Grand Totals
     20920       1194       1016        240       5568     375638   ELF Image Totals (compressed)
     20920       1194       1016        240          0          0   ROM Totals

==============================================================================

    Total RO  Size (Code + RO Data)                21936 (  21.42kB)
    Total RW  Size (RW Data + ZI Data)              5984 (   5.84kB)
    Total ROM Size (Code + RO Data + RW Data)      22176 (  21.66kB)

==============================================================================

